ARM Linker, 4.1 [Build 644] [Standard]

==============================================================================

Section Cross References

    startup_lpc17xx.o(RESET) refers to startup_lpc17xx.o(STACK) for __initial_sp
    startup_lpc17xx.o(RESET) refers to startup_lpc17xx.o(.text) for Reset_Handler
    startup_lpc17xx.o(RESET) refers to main.o(.text) for SysTick_Handler
    startup_lpc17xx.o(RESET) refers to full_can.o(.text) for CAN_IRQHandler
    startup_lpc17xx.o(RESET) refers to emac_lpc17xx.o(.text) for ENET_IRQHandler
    startup_lpc17xx.o(.text) refers to entry.o(.ARM.Collect$$$$00000000) for __main
    net_config_http.o(.text) refers to at_ethernet.o(i.init_eth_link) for init_eth_link
    net_config_http.o(.text) refers to at_udp.o(i.init_udp) for init_udp
    net_config_http.o(.text) refers to at_tcp.o(i.init_tcp) for init_tcp
    net_config_http.o(.text) refers to at_snmp.o(i.init_snmp) for init_snmp
    net_config_http.o(.text) refers to at_ethernet.o(i.run_eth_link) for run_eth_link
    net_config_http.o(.text) refers to at_tcp.o(i.tcp_poll_sockets) for tcp_poll_sockets
    net_config_http.o(.text) refers to at_snmp.o(i.run_snmp_agent) for run_snmp_agent
    net_config_http.o(.text) refers to at_udp.o(i.process_udp) for process_udp
    net_config_http.o(.text) refers to at_tcp.o(i.process_tcp) for process_tcp
    net_config_http.o(.text) refers to at_ethernet.o(i.eth_send_frame) for eth_send_frame
    system_lpc17xx.o(.text) refers to system_lpc17xx.o(.data) for SystemFrequency
    main.o(.text) refers to full_can.o(.text) for can1_out
    main.o(.text) refers to avar_hndl.o(.text) for avar_bps_hndl
    main.o(.text) refers to 25lc640.o(.text) for lc640_read_int
    main.o(.text) refers to at_system.o(i.timer_tick) for timer_tick
    main.o(.text) refers to main.o(.data) for cnt_net_drv
    main.o(.text) refers to main.o(.bss) for bps
    main.o(.text) refers to at_system.o(.bss) for localm
    main.o(.text) refers to control.o(.data) for adc_self_ch_buff
    main.o(.text) refers to main.o(.constdata) for caracter16x9
    main.o(.text) refers to printf6.o(i.__0sprintf$6) for __2sprintf
    main.o(.text) refers to snmp_data_file.o(.data) for snmp_main_voltage
    main.o(.text) refers to strlen.o(.text) for strlen
    main.o(.text) refers to net_config_http.o(.data) for snmp_Community
    main.o(.text) refers to ssd1306.o(.text) for ssd1306_data
    main.o(.text) refers to control.o(.bss) for adc_buff_
    main.o(.text) refers to system_lpc17xx.o(.text) for SystemInit
    main.o(.text) refers to system_lpc17xx.o(.data) for SystemFrequency
    main.o(.text) refers to control.o(.text) for rele_init
    main.o(.text) refers to memo.o(.text) for memo_read
    main.o(.text) refers to i2c.o(.text) for i2c_init
    main.o(.text) refers to at_lib.o(i.mem_copy) for mem_copy
    main.o(.text) refers to at_system.o(i.init_TcpNet) for init_TcpNet
    main.o(.text) refers to at_system.o(i.main_TcpNet) for main_TcpNet
    main.o(.text) refers to snmp_data_file.o(.text) for snmp_data
    control.o(.text) refers to avar_hndl.o(.text) for avar_unet_hndl
    control.o(.text) refers to main.o(.text) for abs_pal
    control.o(.text) refers to snmp_data_file.o(.data) for snmp_main_voltage
    control.o(.text) refers to main.o(.data) for main_cnt
    control.o(.text) refers to control.o(.bss) for adc_buff_
    control.o(.text) refers to control.o(.data) for adc_self_ch_buff
    control.o(.text) refers to main.o(.bss) for bps
    memo.o(.text) refers to 25lc640.o(.text) for lc640_read_int
    memo.o(.text) refers to main.o(.data) for Kubat
    memo.o(.text) refers to snmp_data_file.o(.bss) for snmp_snmp_settings_read_community
    memo.o(.text) refers to main.o(.bss) for par_glav_menu
    avar_hndl.o(.text) refers to beeper_drv.o(.text) for beep
    avar_hndl.o(.text) refers to snmp_data_file.o(.text) for snmp_trap_send
    avar_hndl.o(.text) refers to led_break_drv.o(.text) for blink
    avar_hndl.o(.text) refers to main.o(.data) for net_av
    avar_hndl.o(.text) refers to avar_hndl.o(.data) for avar_stat
    avar_hndl.o(.text) refers to main.o(.bss) for bps
    snmp_data_file.o(.text) refers to 25lc640.o(.text) for lc640_write
    snmp_data_file.o(.text) refers to main.o(.data) for SNMP_READ_PORT
    snmp_data_file.o(.text) refers to snmp_data_file.o(.data) for snmp_snmp_settings_read_port
    snmp_data_file.o(.text) refers to main.o(.bss) for bps
    snmp_data_file.o(.text) refers to snmp_data_file.o(.bss) for snmp_location
    snmp_data_file.o(.text) refers to memcpya.o(.text) for __aeabi_memcpy4
    snmp_data_file.o(.text) refers to main.o(.constdata) for sm_mont
    snmp_data_file.o(.text) refers to snmp_data_file.o(.constdata) for .constdata
    snmp_data_file.o(.text) refers to at_snmp.o(i.snmp_trap) for snmp_trap
    beeper_drv.o(.text) refers to beeper_drv.o(.data) for quantity
    full_can.o(.text) refers to full_can.o(.bss) for RXBUFF
[...]
    input_MDIO                               0x0000a907   Thumb Code    60  emac_lpc17xx.o(.text)
    output_MDIO                              0x0000a943   Thumb Code    76  emac_lpc17xx.o(.text)
    read_PHY                                 0x0000a98f   Thumb Code   144  emac_lpc17xx.o(.text)
    write_PHY                                0x0000aa1f   Thumb Code   134  emac_lpc17xx.o(.text)
    i.__0sprintf$6                           0x0000aed4   Section        0  printf6.o(i.__0sprintf$6)
    i.__scatterload_zeroinit                 0x0000aefc   Section       14  handlers.o(i.__scatterload_zeroinit)
    i._printf_core                           0x0000af0c   Section        0  printf6.o(i._printf_core)
    _printf_core                             0x0000af0d   Thumb Code   818  printf6.o(i._printf_core)
    i._printf_post_padding                   0x0000b244   Section        0  printf6.o(i._printf_post_padding)
    _printf_post_padding                     0x0000b245   Thumb Code    38  printf6.o(i._printf_post_padding)
    i._printf_pre_padding                    0x0000b26a   Section        0  printf6.o(i._printf_pre_padding)
    _printf_pre_padding                      0x0000b26b   Thumb Code    46  printf6.o(i._printf_pre_padding)
    i._sputc                                 0x0000b298   Section        0  printf6.o(i._sputc)
    _sputc                                   0x0000b299   Thumb Code    10  printf6.o(i._sputc)
    i.add_object                             0x0000b2a4   Section        0  at_snmp.o(i.add_object)
    add_object                               0x0000b2a5   Thumb Code   230  at_snmp.o(i.add_object)
    i.alloc_mem                              0x0000b390   Section        0  at_mem.o(i.alloc_mem)
    i.arp_cache_add                          0x0000b434   Section        0  at_arp.o(i.arp_cache_add)
    i.arp_cache_alloc                        0x0000b4f8   Section        0  at_arp.o(i.arp_cache_alloc)
    arp_cache_alloc                          0x0000b4f9   Thumb Code    96  at_arp.o(i.arp_cache_alloc)
    i.arp_cache_find                         0x0000b564   Section        0  at_arp.o(i.arp_cache_find)
    i.arp_cache_update                       0x0000b67c   Section        0  at_arp.o(i.arp_cache_update)
    i.arp_get_response                       0x0000b774   Section        0  at_arp.o(i.arp_get_response)
    arp_get_response                         0x0000b775   Thumb Code    86  at_arp.o(i.arp_get_response)
    i.arp_send_reply                         0x0000b7dc   Section        0  at_arp.o(i.arp_send_reply)
    arp_send_reply                           0x0000b7dd   Thumb Code   148  at_arp.o(i.arp_send_reply)
    i.arp_send_req                           0x0000b878   Section        0  at_arp.o(i.arp_send_req)
    i.bind_tlv                               0x0000b924   Section        0  at_snmp.o(i.bind_tlv)
    bind_tlv                                 0x0000b925   Thumb Code    70  at_snmp.o(i.bind_tlv)
    i.bind_val                               0x0000b96a   Section        0  at_snmp.o(i.bind_val)
    bind_val                                 0x0000b96b   Thumb Code    62  at_snmp.o(i.bind_val)
    i.eth_chk_adr                            0x0000b9a8   Section        0  at_ethernet.o(i.eth_chk_adr)
    i.eth_send_frame                         0x0000b9b8   Section        0  at_ethernet.o(i.eth_send_frame)
    i.free_mem                               0x0000ba50   Section        0  at_mem.o(i.free_mem)
    i.get_u32                                0x0000bab8   Section        0  at_lib.o(i.get_u32)
    i.get_value                              0x0000bace   Section        0  at_snmp.o(i.get_value)
    get_value                                0x0000bacf   Thumb Code    44  at_snmp.o(i.get_value)
    i.ilen                                   0x0000bafa   Section        0  at_snmp.o(i.ilen)
    ilen                                     0x0000bafb   Thumb Code    12  at_snmp.o(i.ilen)
    i.init_TcpNet                            0x0000bb08   Section        0  at_system.o(i.init_TcpNet)
    i.init_arp                               0x0000bb40   Section        0  at_arp.o(i.init_arp)
    i.init_eth_link                          0x0000bb68   Section        0  at_ethernet.o(i.init_eth_link)
    i.init_mem                               0x0000bb8c   Section        0  at_mem.o(i.init_mem)
    i.init_snmp                              0x0000bbb0   Section        0  at_snmp.o(i.init_snmp)
    i.init_tcp                               0x0000bc0c   Section        0  at_tcp.o(i.init_tcp)
    i.init_udp                               0x0000bc24   Section        0  at_udp.o(i.init_udp)
    i.ip_chk_frame                           0x0000bc40   Section        0  at_ip.o(i.ip_chk_frame)
    i.ip_get_chksum                          0x0000bd04   Section        0  at_ip.o(i.ip_get_chksum)
    ip_get_chksum                            0x0000bd05   Thumb Code    10  at_ip.o(i.ip_get_chksum)
    i.ip_get_locadr                          0x0000bd10   Section        0  at_ip.o(i.ip_get_locadr)
    i.ip_send_frame                          0x0000bda8   Section        0  at_ip.o(i.ip_send_frame)
    i.is_subnet                              0x0000be38   Section        0  at_lib.o(i.is_subnet)
    i.is_subnet_bcast                        0x0000be5c   Section        0  at_arp.o(i.is_subnet_bcast)
    i.main_TcpNet                            0x0000be88   Section        0  at_system.o(i.main_TcpNet)
    i.mem_comp                               0x0000bec4   Section        0  at_lib.o(i.mem_comp)
    i.mem_copy                               0x0000bee4   Section        0  at_lib.o(i.mem_copy)
    i.mem_set                                0x0000bf00   Section        0  at_lib.o(i.mem_set)
    i.mem_test                               0x0000bf10   Section        0  at_lib.o(i.mem_test)
    i.mib_find                               0x0000bf28   Section        0  at_snmp.o(i.mib_find)
    mib_find                                 0x0000bf29   Thumb Code   116  at_snmp.o(i.mib_find)
    i.mib_write                              0x0000bfa8   Section        0  at_snmp.o(i.mib_write)
    mib_write                                0x0000bfa9   Thumb Code   122  at_snmp.o(i.mib_write)
    i.parse_tlv                              0x0000c028   Section        0  at_snmp.o(i.parse_tlv)
    parse_tlv                                0x0000c029   Thumb Code   108  at_snmp.o(i.parse_tlv)
    i.poll_ethernet                          0x0000c094   Section        0  at_ethernet.o(i.poll_ethernet)
    i.process_arp                            0x0000c098   Section        0  at_arp.o(i.process_arp)
    i.process_hl_igmp                        0x0000c130   Section        0  at_ethernet.o(i.process_hl_igmp)
    i.process_icmp                           0x0000c132   Section        0  at_icmp.o(i.process_icmp)
    i.process_tcp                            0x0000c1a8   Section        0  at_tcp.o(i.process_tcp)
    i.process_udp                            0x0000c614   Section        0  at_udp.o(i.process_udp)
    i.put_in_queue                           0x0000c6d8   Section        0  at_ethernet.o(i.put_in_queue)
    i.resize_mem                             0x0000c704   Section        0  at_mem.o(i.resize_mem)
    i.run_eth_link                           0x0000c738   Section        0  at_ethernet.o(i.run_eth_link)
    i.run_snmp_agent                         0x0000c7e8   Section        0  at_snmp.o(i.run_snmp_agent)
    i.set_u32                                0x0000c818   Section        0  at_lib.o(i.set_u32)
    i.set_value                              0x0000c828   Section        0  at_snmp.o(i.set_value)
    set_value                                0x0000c829   Thumb Code    54  at_snmp.o(i.set_value)
    i.snmp_listener                          0x0000c860   Section        0  at_snmp.o(i.snmp_listener)
    snmp_listener                            0x0000c861   Thumb Code   786  at_snmp.o(i.snmp_listener)
    i.snmp_trap                              0x0000cb7c   Section        0  at_snmp.o(i.snmp_trap)
    i.str_copy                               0x0000cdd8   Section        0  at_lib.o(i.str_copy)
    i.tcp_init_seq                           0x0000cdf0   Section        0  at_tcp.o(i.tcp_init_seq)
    tcp_init_seq                             0x0000cdf1   Thumb Code    14  at_tcp.o(i.tcp_init_seq)
    i.tcp_map_socket                         0x0000ce04   Section        0  at_tcp.o(i.tcp_map_socket)
    tcp_map_socket                           0x0000ce05   Thumb Code   150  at_tcp.o(i.tcp_map_socket)
    i.tcp_poll_sockets                       0x0000cea4   Section        0  at_tcp.o(i.tcp_poll_sockets)
    i.tcp_process_opt                        0x0000d098   Section        0  at_tcp.o(i.tcp_process_opt)
    tcp_process_opt                          0x0000d099   Thumb Code   106  at_tcp.o(i.tcp_process_opt)
    i.tcp_send_ctrl                          0x0000d108   Section        0  at_tcp.o(i.tcp_send_ctrl)
    tcp_send_ctrl                            0x0000d109   Thumb Code    34  at_tcp.o(i.tcp_send_ctrl)
    i.tcp_send_frame                         0x0000d12c   Section        0  at_tcp.o(i.tcp_send_frame)
    tcp_send_frame                           0x0000d12d   Thumb Code   236  at_tcp.o(i.tcp_send_frame)
    i.tcp_send_reset                         0x0000d220   Section        0  at_tcp.o(i.tcp_send_reset)
    tcp_send_reset                           0x0000d221   Thumb Code   120  at_tcp.o(i.tcp_send_reset)
    i.tcp_set_retransmit                     0x0000d2a0   Section        0  at_tcp.o(i.tcp_set_retransmit)
    tcp_set_retransmit                       0x0000d2a1   Thumb Code    18  at_tcp.o(i.tcp_set_retransmit)
    i.tcp_transit                            0x0000d2b4   Section        0  at_tcp.o(i.tcp_transit)
    tcp_transit                              0x0000d2b5   Thumb Code    96  at_tcp.o(i.tcp_transit)
    i.timer_tick                             0x0000d328   Section        0  at_system.o(i.timer_tick)
    i.udp_get_buf                            0x0000d334   Section        0  at_udp.o(i.udp_get_buf)
    i.udp_get_socket                         0x0000d344   Section        0  at_udp.o(i.udp_get_socket)
    i.udp_open                               0x0000d38c   Section        0  at_udp.o(i.udp_open)
    i.udp_send                               0x0000d408   Section        0  at_udp.o(i.udp_send)
    i.ulen                                   0x0000d514   Section        0  at_snmp.o(i.ulen)
    ulen                                     0x0000d515   Thumb Code    20  at_snmp.o(i.ulen)
    .constdata                               0x0000d528   Section       96  net_config_http.o(.constdata)
    .constdata                               0x0000d588   Section     4568  main.o(.constdata)
    .constdata                               0x0000e760   Section       81  snmp_data_file.o(.constdata)
    .constdata                               0x0000e7b1   Section      512  full_can.o(.constdata)
    .constdata                               0x0000e9b4   Section       12  snmp_mib.o(.constdata)
    sysServices                              0x0000e9b4   Data           1  snmp_mib.o(.constdata)
    displayPsuQauntity                       0x0000e9b5   Data           1  snmp_mib.o(.constdata)
    .constdata                               0x0000e9c0   Section        6  at_ethernet.o(.constdata)
    .constdata                               0x0000e9c6   Section        4  at_ip.o(.constdata)
    .conststring                             0x0000e9ca   Section      103  snmp_mib.o(.conststring)
    .data                                    0x10000000   Section       33  net_config_http.o(.data)
    .data                                    0x10000024   Section        4  system_lpc17xx.o(.data)
    .data                                    0x10000028   Section      229  main.o(.data)
    .data                                    0x1000010e   Section       26  control.o(.data)
    .data                                    0x10000128   Section       26  avar_hndl.o(.data)
    .data                                    0x10000142   Section       16  beeper_drv.o(.data)
    .data                                    0x10000154   Section       20  full_can.o(.data)
    .data                                    0x10000168   Section       12  led_break_drv.o(.data)
    .data                                    0x10000174   Section        5  emac_lpc17xx.o(.data)
    dev_175x                                 0x10000178   Data           1  emac_lpc17xx.o(.data)
    .data                                    0x1000017c   Section     1041  snmp_mib.o(.data)
    .data                                    0x1000058e   Section        4  at_tcp.o(.data)
    socket                                   0x1000058e   Data           1  at_tcp.o(.data)
    port                                     0x10000590   Data           2  at_tcp.o(.data)
    .data                                    0x10000592   Section        2  at_udp.o(.data)
    port                                     0x10000592   Data           2  at_udp.o(.data)
    .data                                    0x10000594   Section        4  at_snmp.o(.data)
    .data                                    0x10000598   Section        8  at_ethernet.o(.data)
    q_head                                   0x10000598   Data           4  at_ethernet.o(.data)
    q_tail                                   0x1000059c   Data           4  at_ethernet.o(.data)
    .data                                    0x100005a0   Section        4  at_mem.o(.data)
    Mem_Load                                 0x100005a0   Data           4  at_mem.o(.data)
    .data                                    0x100005a4   Section        8  at_system.o(.data)
    tick_fl                                  0x100005a6   Data           1  at_system.o(.data)
    sec_cnt                                  0x100005aa   Data           2  at_system.o(.data)
    .data                                    0x100005ac   Section        2  at_arp.o(.data)
    next_entry                               0x100005ac   Data           2  at_arp.o(.data)
    .data                                    0x100005ae   Section        4  at_ip.o(.data)
    netif                                    0x100005ae   Data           1  at_ip.o(.data)
    ip_id                                    0x100005b0   Data           2  at_ip.o(.data)
    .bss                                     0x100005b4   Section     2164  main.o(.bss)
    .bss                                     0x10000e28   Section     1120  control.o(.bss)
    .bss                                     0x10001288   Section      232  snmp_data_file.o(.bss)
    .bss                                     0x10001370   Section      532  full_can.o(.bss)
    .bss                                     0x10001588   Section    10852  emac_lpc17xx.o(.bss)
    Rx_Desc                                  0x10001588   Data          32  emac_lpc17xx.o(.bss)
    Rx_Stat                                  0x100015a8   Data          32  emac_lpc17xx.o(.bss)
    Tx_Desc                                  0x100015c8   Data          24  emac_lpc17xx.o(.bss)
    Tx_Stat                                  0x100015e0   Data          12  emac_lpc17xx.o(.bss)
    rx_buf                                   0x100015ec   Data        6144  emac_lpc17xx.o(.bss)
    tx_buf                                   0x10002dec   Data        4608  emac_lpc17xx.o(.bss)
    .bss                                     0x10003fec   Section       28  at_snmp.o(.bss)
    snmp_session                             0x10003fec   Data          28  at_snmp.o(.bss)
    .bss                                     0x10004008   Section      128  at_ethernet.o(.bss)
    rx_queue                                 0x10004008   Data         128  at_ethernet.o(.bss)
    .bss                                     0x10004088   Section       60  at_system.o(.bss)
    STACK                                    0x100040c8   Section      512  startup_lpc17xx.o(STACK)
    .data                                    0x2007c000   Section     8358  snmp_data_file.o(.data)
    .bss                                     0x2007e0a8   Section     8744  net_config_http.o(.bss)

    Global Symbols

    Symbol Name                              Value     Ov Type        Size  Object(Section)

    BuildAttributes$$THM_ISAv4$P$D$K$B$S$PE$A:L22UL41UL21$X:L11$S22US41US21$IEEE1$IW$USESV6$~STKCKD$USESV7$~SHL$OSPACE$ROPI$EBA8$MICROLIB$REQ8$PRES8$EABIv2 0x00000000   Number         0  anon$$obj.o ABSOLUTE
    __ARM_use_no_argv                        0x00000000   Number         0  main.o ABSOLUTE
    __Vectors                                0x00000000   Data           4  startup_lpc17xx.o(RESET)
    _printf_a                                0x00000000   Number         0  stubs.o ABSOLUTE
    _printf_c                                0x00000000   Number         0  stubs.o ABSOLUTE
    _printf_charcount                        0x00000000   Number         0  stubs.o ABSOLUTE
    _printf_d                                0x00000000   Number         0  stubs.o ABSOLUTE
    _printf_e                                0x00000000   Number         0  stubs.o ABSOLUTE
    _printf_f                                0x00000000   Number         0  stubs.o ABSOLUTE
    _printf_flags                            0x00000000   Number         0  stubs.o ABSOLUTE
    _printf_fp_dec                           0x00000000   Number         0  stubs.o ABSOLUTE
    _printf_fp_hex                           0x00000000   Number         0  stubs.o ABSOLUTE
    _printf_g                                0x00000000   Number         0  stubs.o ABSOLUTE
    _printf_i                                0x00000000   Number         0  stubs.o ABSOLUTE
    _printf_int_dec                          0x00000000   Number         0  stubs.o ABSOLUTE
    _printf_l                                0x00000000   Number         0  stubs.o ABSOLUTE
    _printf_lc                               0x00000000   Number         0  stubs.o ABSOLUTE
    _printf_ll                               0x00000000   Number         0  stubs.o ABSOLUTE
    _printf_lld                              0x00000000   Number         0  stubs.o ABSOLUTE
    _printf_lli                              0x00000000   Number         0  stubs.o ABSOLUTE
    _printf_llo                              0x00000000   Number         0  stubs.o ABSOLUTE
    _printf_llu                              0x00000000   Number         0  stubs.o ABSOLUTE
    _printf_llx                              0x00000000   Number         0  stubs.o ABSOLUTE
    _printf_longlong_dec                     0x00000000   Number         0  stubs.o ABSOLUTE
    _printf_longlong_hex                     0x00000000   Number         0  stubs.o ABSOLUTE
    _printf_longlong_oct                     0x00000000   Number         0  stubs.o ABSOLUTE
    _printf_ls                               0x00000000   Number         0  stubs.o ABSOLUTE
    _printf_mbtowc                           0x00000000   Number         0  stubs.o ABSOLUTE
    _printf_n                                0x00000000   Number         0  stubs.o ABSOLUTE
    _printf_o                                0x00000000   Number         0  stubs.o ABSOLUTE
    _printf_p                                0x00000000   Number         0  stubs.o ABSOLUTE
    _printf_percent                          0x00000000   Number         0  stubs.o ABSOLUTE
    _printf_pre_padding                      0x00000000   Number         0  stubs.o ABSOLUTE
    _printf_return_value                     0x00000000   Number         0  stubs.o ABSOLUTE
    _printf_s                                0x00000000   Number         0  stubs.o ABSOLUTE
    _printf_sizespec                         0x00000000   Number         0  stubs.o ABSOLUTE
    _printf_str                              0x00000000   Number         0  stubs.o ABSOLUTE
    _printf_truncate_signed                  0x00000000   Number         0  stubs.o ABSOLUTE
    _printf_truncate_unsigned                0x00000000   Number         0  stubs.o ABSOLUTE
    _printf_u                                0x00000000   Number         0  stubs.o ABSOLUTE
    _printf_wc                               0x00000000   Number         0  stubs.o ABSOLUTE
    _printf_wctomb                           0x00000000   Number         0  stubs.o ABSOLUTE
    _printf_widthprec                        0x00000000   Number         0  stubs.o ABSOLUTE
    _printf_x                                0x00000000   Number         0  stubs.o ABSOLUTE
    arp_notify                                - Undefined Weak Reference
    __main                                   0x000000cd   Thumb Code     0  entry.o(.ARM.Collect$$$$00000000)
    _main_stk                                0x000000cd   Thumb Code     0  entry2.o(.ARM.Collect$$$$00000001)
    _main_scatterload                        0x000000d1   Thumb Code     0  entry5.o(.ARM.Collect$$$$00000004)
    __main_after_scatterload                 0x000000d5   Thumb Code     0  entry5.o(.ARM.Collect$$$$00000004)
    _main_init                               0x000000d5   Thumb Code     0  entry7.o(.ARM.Collect$$$$00000007)
    Reset_Handler                            0x000000e1   Thumb Code     4  startup_lpc17xx.o(.text)
    NMI_Handler                              0x000000e5   Thumb Code     2  startup_lpc17xx.o(.text)
    HardFault_Handler                        0x000000e7   Thumb Code     2  startup_lpc17xx.o(.text)
    MemManage_Handler                        0x000000e9   Thumb Code     2  startup_lpc17xx.o(.text)
    BusFault_Handler                         0x000000eb   Thumb Code     2  startup_lpc17xx.o(.text)
    UsageFault_Handler                       0x000000ed   Thumb Code     2  startup_lpc17xx.o(.text)
    SVC_Handler                              0x000000ef   Thumb Code     2  startup_lpc17xx.o(.text)
    DebugMon_Handler                         0x000000f1   Thumb Code     2  startup_lpc17xx.o(.text)
    PendSV_Handler                           0x000000f3   Thumb Code     2  startup_lpc17xx.o(.text)
    BOD_IRQHandler                           0x000000f7   Thumb Code     0  startup_lpc17xx.o(.text)
    CANActivity_IRQHandler                   0x000000f7   Thumb Code     0  startup_lpc17xx.o(.text)
    DMA_IRQHandler                           0x000000f7   Thumb Code     0  startup_lpc17xx.o(.text)
    EINT0_IRQHandler                         0x000000f7   Thumb Code     0  startup_lpc17xx.o(.text)
    EINT1_IRQHandler                         0x000000f7   Thumb Code     0  startup_lpc17xx.o(.text)
    EINT2_IRQHandler                         0x000000f7   Thumb Code     0  startup_lpc17xx.o(.text)
    EINT3_IRQHandler                         0x000000f7   Thumb Code     0  startup_lpc17xx.o(.text)
    I2C0_IRQHandler                          0x000000f7   Thumb Code     0  startup_lpc17xx.o(.text)
    I2C1_IRQHandler                          0x000000f7   Thumb Code     0  startup_lpc17xx.o(.text)
    I2C2_IRQHandler                          0x000000f7   Thumb Code     0  startup_lpc17xx.o(.text)
    I2S_IRQHandler                           0x000000f7   Thumb Code     0  startup_lpc17xx.o(.text)
    MCPWM_IRQHandler                         0x000000f7   Thumb Code     0  startup_lpc17xx.o(.text)
    PLL0_IRQHandler                          0x000000f7   Thumb Code     0  startup_lpc17xx.o(.text)
    PLL1_IRQHandler                          0x000000f7   Thumb Code     0  startup_lpc17xx.o(.text)
    PWM1_IRQHandler                          0x000000f7   Thumb Code     0  startup_lpc17xx.o(.text)
    QEI_IRQHandler                           0x000000f7   Thumb Code     0  startup_lpc17xx.o(.text)
    RIT_IRQHandler                           0x000000f7   Thumb Code     0  startup_lpc17xx.o(.text)
    RTC_IRQHandler                           0x000000f7   Thumb Code     0  startup_lpc17xx.o(.text)
    SPI_IRQHandler                           0x000000f7   Thumb Code     0  startup_lpc17xx.o(.text)
    SSP0_IRQHandler                          0x000000f7   Thumb Code     0  startup_lpc17xx.o(.text)
    SSP1_IRQHandler                          0x000000f7   Thumb Code     0  startup_lpc17xx.o(.text)
    TIMER0_IRQHandler                        0x000000f7   Thumb Code     0  startup_lpc17xx.o(.text)
    TIMER1_IRQHandler                        0x000000f7   Thumb Code     0  startup_lpc17xx.o(.text)
    TIMER2_IRQHandler                        0x000000f7   Thumb Code     0  startup_lpc17xx.o(.text)
    TIMER3_IRQHandler                        0x000000f7   Thumb Code     0  startup_lpc17xx.o(.text)
    UART0_IRQHandler                         0x000000f7   Thumb Code     0  startup_lpc17xx.o(.text)
    UART1_IRQHandler                         0x000000f7   Thumb Code     0  startup_lpc17xx.o(.text)
    UART2_IRQHandler                         0x000000f7   Thumb Code     0  startup_lpc17xx.o(.text)
    UART3_IRQHandler                         0x000000f7   Thumb Code     0  startup_lpc17xx.o(.text)
    USBActivity_IRQHandler                   0x000000f7   Thumb Code     0  startup_lpc17xx.o(.text)
    USB_IRQHandler                           0x000000f7   Thumb Code     0  startup_lpc17xx.o(.text)
    WDT_IRQHandler                           0x000000f7   Thumb Code     0  startup_lpc17xx.o(.text)
    sys_error                                0x000000fd   Thumb Code    32  net_config_http.o(.text)
    init_system                              0x0000011d   Thumb Code    26  net_config_http.o(.text)
    run_system                               0x00000137   Thumb Code    18  net_config_http.o(.text)
    process_hl_udp                           0x00000149   Thumb Code     4  net_config_http.o(.text)
    process_hl_tcp                           0x0000014d   Thumb Code     4  net_config_http.o(.text)
    dispatch_frame                           0x00000151   Thumb Code    10  net_config_http.o(.text)
    igmp_is_member                           0x0000015b   Thumb Code     4  net_config_http.o(.text)
    blink                                    0x00000161   Thumb Code    66  led_break_drv.o(.text)
    __aeabi_memcpy                           0x000001b9   Thumb Code    36  memcpya.o(.text)
    __aeabi_memcpy4                          0x000001b9   Thumb Code     0  memcpya.o(.text)
    __aeabi_memcpy8                          0x000001b9   Thumb Code     0  memcpya.o(.text)
    strlen                                   0x000001dd   Thumb Code    16  strlen.o(.text)
    __aeabi_uidiv                            0x000001ed   Thumb Code     0  uidiv.o(.text)
    __aeabi_uidivmod                         0x000001ed   Thumb Code    44  uidiv.o(.text)
    __scatterload                            0x00000219   Thumb Code    28  init.o(.text)
    __scatterload_rt2                        0x00000219   Thumb Code     0  init.o(.text)
    __decompress                             0x0000023d   Thumb Code     0  __dczerorl2.o(.text)
    __decompress1                            0x0000023d   Thumb Code    92  __dczerorl2.o(.text)
    CalcChksum                               0x00000299   Thumb Code    22  at_lib.o(i.CalcChksum)
    CalcChksumBuf                            0x000002b1   Thumb Code    40  at_lib.o(i.CalcChksumBuf)
    CalcChksumVal                            0x000002d9   Thumb Code    10  at_lib.o(i.CalcChksumVal)
    SwapB                                    0x000002e3   Thumb Code    10  at_lib.o(i.SwapB)
    __scatterload_copy                       0x000002ed   Thumb Code    14  handlers.o(i.__scatterload_copy)
    __scatterload_null                       0x000002fb   Thumb Code     2  handlers.o(i.__scatterload_null)
    SystemInit                               0x00000301   Thumb Code   546  system_lpc17xx.o(.text)
    __TCP_ARM_VER                            0x00000413   Number         0  at_system.o ABSOLUTE
    delay_us                                 0x0000056d   Thumb Code    18  main.o(.text)
    Delay                                    0x0000057f   Thumb Code    14  main.o(.text)
    rtc_init                                 0x0000058d   Thumb Code    10  main.o(.text)
    net_drv                                  0x00000597   Thumb Code   676  main.o(.text)
    init_ETH                                 0x0000083b   Thumb Code   146  main.o(.text)
    abs_pal                                  0x000008dd   Thumb Code    16  main.o(.text)
    ADC_IRQHandler                           0x000008ed   Thumb Code    64  main.o(.text)
    SysTick_Handler                          0x0000092d   Thumb Code   292  main.o(.text)
    keypad_long                              0x00000a51   Thumb Code    48  main.o(.text)
    keypad_srt                               0x00000a81   Thumb Code    48  main.o(.text)
    keypad_short                             0x00000ab1   Thumb Code    50  main.o(.text)
    keypad_fixed                             0x00000ae3   Thumb Code   146  main.o(.text)
    filling_lcd_buffer                       0x00000b75   Thumb Code   166  main.o(.text)
    bitmap_hndl16x9                          0x00000c1b   Thumb Code   542  main.o(.text)
    ind_hndl                                 0x00000e39   Thumb Code  6562  main.o(.text)
    lcd_out                                  0x000027db   Thumb Code    72  main.o(.text)
    kurs_up                                  0x00002823   Thumb Code    34  main.o(.text)
    kurs_down                                0x00002845   Thumb Code    36  main.o(.text)
    kurs_up1                                 0x00002869   Thumb Code   690  main.o(.text)
    ethernet_default                         0x00002b1b   Thumb Code   448  main.o(.text)
    analiz_keypad                            0x00002cdb   Thumb Code 12118  main.o(.text)
    main                                     0x00005c31   Thumb Code  2160  main.o(.text)
    samokalibr_init                          0x000064fd   Thumb Code     2  control.o(.text)
    samokalibr_hndl                          0x000064ff   Thumb Code     2  control.o(.text)
    unet_drv                                 0x00006501   Thumb Code   156  control.o(.text)
    matemat                                  0x0000659d   Thumb Code    86  control.o(.text)
    adc_init                                 0x000065f3   Thumb Code   166  control.o(.text)
    adc_drv7                                 0x00006699   Thumb Code   368  control.o(.text)
    sk_init                                  0x00006809   Thumb Code    44  control.o(.text)
    rele_init                                0x00006835   Thumb Code    34  control.o(.text)
    rele_hndl                                0x00006857   Thumb Code     2  control.o(.text)
    inv_drv                                  0x00006859   Thumb Code  1746  control.o(.text)
    memo_read                                0x00006f31   Thumb Code   764  memo.o(.text)
    avar_hndl                                0x00007305   Thumb Code   376  avar_hndl.o(.text)
    avar_unet_hndl                           0x0000747d   Thumb Code   194  avar_hndl.o(.text)
    avar_bps_hndl                            0x0000753f   Thumb Code  1158  avar_hndl.o(.text)
    snmp_data                                0x000079d1   Thumb Code   434  snmp_data_file.o(.text)
    snmp_location_write                      0x00007b83   Thumb Code    44  snmp_data_file.o(.text)
    snmp_snmp_settings_read_community_write  0x00007baf   Thumb Code    44  snmp_data_file.o(.text)
    snmp_snmp_settings_write_community_write 0x00007bdb   Thumb Code    44  snmp_data_file.o(.text)
    snmp_main_bps_write                      0x00007c07   Thumb Code     2  snmp_data_file.o(.text)
    snmp_snmp_settings_read_port_write       0x00007c09   Thumb Code    22  snmp_data_file.o(.text)
    snmp_snmp_settings_write_port_write      0x00007c1f   Thumb Code    22  snmp_data_file.o(.text)
    snmp_snmp_settings_trap_server_1_write   0x00007c35   Thumb Code   106  snmp_data_file.o(.text)
    snmp_snmp_settings_trap_server_2_write   0x00007c9f   Thumb Code   106  snmp_data_file.o(.text)
    snmp_snmp_settings_trap_server_3_write   0x00007d09   Thumb Code   108  snmp_data_file.o(.text)
    snmp_snmp_settings_trap_server_4_write   0x00007d75   Thumb Code   388  snmp_data_file.o(.text)
    snmp_snmp_settings_trap_server_5_write   0x00007ef9   Thumb Code   112  snmp_data_file.o(.text)
    snmp_eth_settings_ip_write               0x00007f69   Thumb Code   106  snmp_data_file.o(.text)
    snmp_eth_settings_net_mask_write         0x00007fd3   Thumb Code   106  snmp_data_file.o(.text)
    snmp_eth_settings_def_gatw_write         0x0000803d   Thumb Code   106  snmp_data_file.o(.text)
    snmp_trap_settings_main_power_trap_send_of_av_write 0x000080a7   Thumb Code    24  snmp_data_file.o(.text)
    snmp_trap_settings_main_power_trap_send_of_no_av_write 0x000080bf   Thumb Code    24  snmp_data_file.o(.text)
    snmp_trap_settings_inverter_temperature_trap_send_of_av_write 0x000080d7   Thumb Code    24  snmp_data_file.o(.text)
    snmp_trap_settings_inverter_temperature_trap_send_of_no_av_write 0x000080ef   Thumb Code    24  snmp_data_file.o(.text)
    snmp_trap_settings_inverter_voltage_trap_send_of_av_write 0x00008107   Thumb Code    24  snmp_data_file.o(.text)
    snmp_trap_settings_inverter_voltage_trap_send_of_no_av_write 0x0000811f   Thumb Code    24  snmp_data_file.o(.text)
    snmp_trap_settings_inverter_current_trap_send_of_av_write 0x00008137   Thumb Code    24  snmp_data_file.o(.text)
    snmp_trap_settings_inverter_current_trap_send_of_no_av_write 0x0000814f   Thumb Code    24  snmp_data_file.o(.text)
    snmp_trap_settings_battery_voltage_trap_send_of_av_write 0x00008167   Thumb Code    24  snmp_data_file.o(.text)
    snmp_trap_settings_battery_voltage_trap_send_of_no_av_write 0x0000817f   Thumb Code    24  snmp_data_file.o(.text)
    snmp_max_current_koef_write              0x00008197   Thumb Code     2  snmp_data_file.o(.text)
    snmp_up_charge_koef_write                0x00008199   Thumb Code     2  snmp_data_file.o(.text)
    snmp_max_temperature_write               0x0000819b   Thumb Code     2  snmp_data_file.o(.text)
    snmp_command_execute                     0x0000819d   Thumb Code    20  snmp_data_file.o(.text)
    datatime2str                             0x000081b1   Thumb Code   256  snmp_data_file.o(.text)
    event2snmp                               0x000082b1   Thumb Code  3084  snmp_data_file.o(.text)
    snmp_trap_send                           0x00008ebd   Thumb Code   876  snmp_data_file.o(.text)
    beep                                     0x00009229   Thumb Code    80  beeper_drv.o(.text)
    beeper                                   0x00009279   Thumb Code   310  beeper_drv.o(.text)
    spi1                                     0x000093d9   Thumb Code    26  25lc640.o(.text)
    spi1_config                              0x000093f3   Thumb Code    58  25lc640.o(.text)
    spi1_unconfig                            0x0000942d   Thumb Code    52  25lc640.o(.text)
    lc640_wren                               0x00009461   Thumb Code    64  25lc640.o(.text)
    lc640_rdsr                               0x000094a1   Thumb Code    74  25lc640.o(.text)
    lc640_read                               0x000094eb   Thumb Code   156  25lc640.o(.text)
    lc640_read_int                           0x00009587   Thumb Code   152  25lc640.o(.text)
    lc640_read_long                          0x0000961f   Thumb Code   196  25lc640.o(.text)
    lc640_read_long_ptr                      0x000096e3   Thumb Code   154  25lc640.o(.text)
    lc640_read_str                           0x0000977d   Thumb Code   170  25lc640.o(.text)
    lc640_write                              0x00009827   Thumb Code   136  25lc640.o(.text)
    lc640_write_int                          0x000098af   Thumb Code   150  25lc640.o(.text)
    lc640_write_long                         0x00009945   Thumb Code   174  25lc640.o(.text)
    lc640_write_long_ptr                     0x000099f3   Thumb Code   168  25lc640.o(.text)
    CRC1_in                                  0x00009aa1   Thumb Code    68  full_can.o(.text)
    CRC1_out                                 0x00009ae5   Thumb Code    68  full_can.o(.text)
    can1_out                                 0x00009b29   Thumb Code   406  full_can.o(.text)
    can_adr_hndl                             0x00009cbf   Thumb Code    64  full_can.o(.text)
    can_in_an1                               0x00009cff   Thumb Code   164  full_can.o(.text)
    CAN_ISR_Rx1                              0x00009da3   Thumb Code   338  full_can.o(.text)
    can_isr_tx1                              0x00009ef5   Thumb Code   148  full_can.o(.text)
    can_isr_tx2                              0x00009f89   Thumb Code     2  full_can.o(.text)
    can1_init                                0x00009f8b   Thumb Code   122  full_can.o(.text)
    can2_init                                0x0000a005   Thumb Code     8  full_can.o(.text)
    FullCAN_SetFilter                        0x0000a00d   Thumb Code   322  full_can.o(.text)
    CAN_IRQHandler                           0x0000a14f   Thumb Code    52  full_can.o(.text)
    ssd1306SendByte                          0x0000a1d5   Thumb Code    54  ssd1306.o(.text)
    ssd1306_command                          0x0000a20b   Thumb Code    54  ssd1306.o(.text)
    ssd1306_data                             0x0000a241   Thumb Code    54  ssd1306.o(.text)
    ssd1306_init                             0x0000a277   Thumb Code   350  ssd1306.o(.text)
    i2c_init                                 0x0000a3d5   Thumb Code    86  i2c.o(.text)
    i2c_Start                                0x0000a42b   Thumb Code    84  i2c.o(.text)
    i2c_Restart                              0x0000a47f   Thumb Code   114  i2c.o(.text)
    i2c_ReadAcknowledge                      0x0000a4f1   Thumb Code   136  i2c.o(.text)
    i2c_ReadByte                             0x0000a579   Thumb Code   196  i2c.o(.text)
    i2c_SendAcknowledge                      0x0000a63d   Thumb Code   154  i2c.o(.text)
    i2c_SendByte                             0x0000a6d7   Thumb Code   210  i2c.o(.text)
    i2c_Stop                                 0x0000a7a9   Thumb Code   126  i2c.o(.text)
    init_ethernet                            0x0000aaa5   Thumb Code   668  emac_lpc17xx.o(.text)
    int_enable_eth                           0x0000ad41   Thumb Code    32  emac_lpc17xx.o(.text)
    int_disable_eth                          0x0000ad61   Thumb Code    26  emac_lpc17xx.o(.text)
    send_frame                               0x0000ad7b   Thumb Code   100  emac_lpc17xx.o(.text)
    ENET_IRQHandler                          0x0000addf   Thumb Code   196  emac_lpc17xx.o(.text)
    __0sprintf$6                             0x0000aed5   Thumb Code    34  printf6.o(i.__0sprintf$6)
    __1sprintf$6                             0x0000aed5   Thumb Code     0  printf6.o(i.__0sprintf$6)
    __2sprintf                               0x0000aed5   Thumb Code     0  printf6.o(i.__0sprintf$6)
    __scatterload_zeroinit                   0x0000aefd   Thumb Code    14  handlers.o(i.__scatterload_zeroinit)
    alloc_mem                                0x0000b391   Thumb Code   152  at_mem.o(i.alloc_mem)
    arp_cache_add                            0x0000b435   Thumb Code   176  at_arp.o(i.arp_cache_add)
    arp_cache_find                           0x0000b565   Thumb Code   254  at_arp.o(i.arp_cache_find)
    arp_cache_update                         0x0000b67d   Thumb Code   218  at_arp.o(i.arp_cache_update)
    arp_send_req                             0x0000b879   Thumb Code   154  at_arp.o(i.arp_send_req)
    eth_chk_adr                              0x0000b9a9   Thumb Code    10  at_ethernet.o(i.eth_chk_adr)
    eth_send_frame                           0x0000b9b9   Thumb Code   138  at_ethernet.o(i.eth_send_frame)
    free_mem                                 0x0000ba51   Thumb Code    94  at_mem.o(i.free_mem)
    get_u32                                  0x0000bab9   Thumb Code    22  at_lib.o(i.get_u32)
    init_TcpNet                              0x0000bb09   Thumb Code    40  at_system.o(i.init_TcpNet)
    init_arp                                 0x0000bb41   Thumb Code    30  at_arp.o(i.init_arp)
    init_eth_link                            0x0000bb69   Thumb Code    30  at_ethernet.o(i.init_eth_link)
    init_mem                                 0x0000bb8d   Thumb Code    24  at_mem.o(i.init_mem)
    init_snmp                                0x0000bbb1   Thumb Code    66  at_snmp.o(i.init_snmp)
    init_tcp                                 0x0000bc0d   Thumb Code    16  at_tcp.o(i.init_tcp)
    init_udp                                 0x0000bc25   Thumb Code    18  at_udp.o(i.init_udp)
    ip_chk_frame                             0x0000bc41   Thumb Code   186  at_ip.o(i.ip_chk_frame)
    ip_get_locadr                            0x0000bd11   Thumb Code   140  at_ip.o(i.ip_get_locadr)
    ip_send_frame                            0x0000bda9   Thumb Code   140  at_ip.o(i.ip_send_frame)
    is_subnet                                0x0000be39   Thumb Code    34  at_lib.o(i.is_subnet)
    is_subnet_bcast                          0x0000be5d   Thumb Code    40  at_arp.o(i.is_subnet_bcast)
    main_TcpNet                              0x0000be89   Thumb Code    52  at_system.o(i.main_TcpNet)
    mem_comp                                 0x0000bec5   Thumb Code    30  at_lib.o(i.mem_comp)
    mem_copy                                 0x0000bee5   Thumb Code    28  at_lib.o(i.mem_copy)
    mem_set                                  0x0000bf01   Thumb Code    16  at_lib.o(i.mem_set)
    mem_test                                 0x0000bf11   Thumb Code    22  at_lib.o(i.mem_test)
    poll_ethernet                            0x0000c095   Thumb Code     2  at_ethernet.o(i.poll_ethernet)
    process_arp                              0x0000c099   Thumb Code   142  at_arp.o(i.process_arp)
    process_hl_igmp                          0x0000c131   Thumb Code     2  at_ethernet.o(i.process_hl_igmp)
    process_icmp                             0x0000c133   Thumb Code   116  at_icmp.o(i.process_icmp)
    process_tcp                              0x0000c1a9   Thumb Code  1132  at_tcp.o(i.process_tcp)
    process_udp                              0x0000c615   Thumb Code   186  at_udp.o(i.process_udp)
    put_in_queue                             0x0000c6d9   Thumb Code    36  at_ethernet.o(i.put_in_queue)
    resize_mem                               0x0000c705   Thumb Code    48  at_mem.o(i.resize_mem)
    run_eth_link                             0x0000c739   Thumb Code   162  at_ethernet.o(i.run_eth_link)
    run_snmp_agent                           0x0000c7e9   Thumb Code    34  at_snmp.o(i.run_snmp_agent)
    set_u32                                  0x0000c819   Thumb Code    16  at_lib.o(i.set_u32)
    snmp_trap                                0x0000cb7d   Thumb Code   568  at_snmp.o(i.snmp_trap)
    str_copy                                 0x0000cdd9   Thumb Code    22  at_lib.o(i.str_copy)
    tcp_poll_sockets                         0x0000cea5   Thumb Code   472  at_tcp.o(i.tcp_poll_sockets)
    timer_tick                               0x0000d329   Thumb Code     8  at_system.o(i.timer_tick)
    udp_get_buf                              0x0000d335   Thumb Code    16  at_udp.o(i.udp_get_buf)
    udp_get_socket                           0x0000d345   Thumb Code    62  at_udp.o(i.udp_get_socket)
    udp_open                                 0x0000d38d   Thumb Code   112  at_udp.o(i.udp_open)
    udp_send                                 0x0000d409   Thumb Code   260  at_udp.o(i.udp_send)
    nlocalm                                  0x0000d528   Data          60  net_config_http.o(.constdata)
    netif_cfg                                0x0000d564   Data           1  net_config_http.o(.constdata)
    MPool_Size                               0x0000d568   Data           4  net_config_http.o(.constdata)
    tick_rate                                0x0000d56c   Data           2  net_config_http.o(.constdata)
    arp_TabSize                              0x0000d56e   Data           2  net_config_http.o(.constdata)
    arp_TimeOut                              0x0000d570   Data           2  net_config_http.o(.constdata)
    arp_MaxRetry                             0x0000d572   Data           1  net_config_http.o(.constdata)
    arp_Resend                               0x0000d573   Data           1  net_config_http.o(.constdata)
    udp_NumSocks                             0x0000d574   Data           1  net_config_http.o(.constdata)
    tcp_NumSocks                             0x0000d575   Data           1  net_config_http.o(.constdata)
    tcp_MaxRetry                             0x0000d576   Data           1  net_config_http.o(.constdata)
    tcp_RetryTout                            0x0000d578   Data           2  net_config_http.o(.constdata)
    tcp_2MSSTout                             0x0000d57a   Data           2  net_config_http.o(.constdata)
    tcp_SynRetryTout                         0x0000d57c   Data           2  net_config_http.o(.constdata)
    tcp_InitRetryTout                        0x0000d57e   Data           2  net_config_http.o(.constdata)
    tcp_DefTout                              0x0000d580   Data           2  net_config_http.o(.constdata)
    tcp_ConRetry                             0x0000d582   Data           1  net_config_http.o(.constdata)
    snmp_TickItv                             0x0000d583   Data           1  net_config_http.o(.constdata)
    snmp_TrapIp                              0x0000d584   Data           4  net_config_http.o(.constdata)
    caracter16x9                             0x0000d588   Data        3816  main.o(.constdata)
    sm_mont                                  0x0000e470   Data          52  main.o(.constdata)
    Table87                                  0x0000e7b1   Data         256  full_can.o(.constdata)
    Table95                                  0x0000e8b1   Data         256  full_can.o(.constdata)
    aaa                                      0x0000e9b8   Data           4  snmp_mib.o(.constdata)
    snmp_mib_size                            0x0000e9bc   Data           4  snmp_mib.o(.constdata)
    MAC_Broadcast                            0x0000e9c0   Data           6  at_ethernet.o(.constdata)
    IP_Broadcast                             0x0000e9c6   Data           4  at_ip.o(.constdata)
    Region$$Table$$Base                      0x0000ea34   Number         0  anon$$obj.o(Region$$Table)
    Region$$Table$$Limit                     0x0000ea74   Number         0  anon$$obj.o(Region$$Table)
    lhost_name                               0x10000000   Data          16  net_config_http.o(.data)
    own_hw_adr                               0x10000010   Data           6  net_config_http.o(.data)
    snmp_PortNum                             0x10000016   Data           2  net_config_http.o(.data)
    snmp_TrapPort                            0x10000018   Data           2  net_config_http.o(.data)
    snmp_Community                           0x1000001a   Data           7  net_config_http.o(.data)
    SystemFrequency                          0x10000024   Data           4  system_lpc17xx.o(.data)
    t100                                     0x10000028   Data           2  main.o(.data)
    t50                                      0x1000002a   Data           2  main.o(.data)
    t10                                      0x1000002c   Data           2  main.o(.data)
    t5                                       0x1000002e   Data           2  main.o(.data)
    t2                                       0x10000030   Data           2  main.o(.data)
    t1                                       0x10000032   Data           2  main.o(.data)
    work_at                                  0x10000034   Data           1  main.o(.data)
    cnt_of_slave                             0x10000035   Data           1  main.o(.data)
    net_stat_cnt                             0x10000036   Data           2  main.o(.data)
    poz_display                              0x10000038   Data           1  main.o(.data)
    poz_display_bf                           0x10000039   Data           1  main.o(.data)
    poz_display_bf2                          0x1000003a   Data           1  main.o(.data)
    poz_kursor                               0x1000003b   Data           1  main.o(.data)
    poz_kursor_bf                            0x1000003c   Data           1  main.o(.data)
    poz_kursor_bf2                           0x1000003d   Data           1  main.o(.data)
    delay_scrin_saver                        0x10000040   Data           4  main.o(.data)
    count_right                              0x10000044   Data           1  main.o(.data)
    count_left                               0x10000045   Data           1  main.o(.data)
    count_down                               0x10000046   Data           1  main.o(.data)
    count_up                                 0x10000047   Data           1  main.o(.data)
    count_f                                  0x10000048   Data           1  main.o(.data)
    flag_right                               0x1000004a   Data           2  main.o(.data)
    flag_left                                0x1000004c   Data           2  main.o(.data)
    flag_down                                0x1000004e   Data           2  main.o(.data)
    flag_up                                  0x10000050   Data           2  main.o(.data)
    flag_f                                   0x10000052   Data           2  main.o(.data)
    count_kalibr_i_bat                       0x10000054   Data           2  main.o(.data)
    flag_l_r                                 0x10000056   Data           1  main.o(.data)
    flash_1S                                 0x10000057   Data           1  main.o(.data)
    password                                 0x10000058   Data           2  main.o(.data)
    password_obr                             0x1000005a   Data           2  main.o(.data)
    pass_error                               0x1000005c   Data           1  main.o(.data)
    poz_flash                                0x1000005d   Data           1  main.o(.data)
    data_can_reset                           0x1000005e   Data           1  main.o(.data)
    delete_oleg                              0x1000005f   Data           1  main.o(.data)
    tcp_init_cnt                             0x10000060   Data           1  main.o(.data)
    canzz_tmp                                0x10000061   Data           1  main.o(.data)
    canzx_tmp                                0x10000062   Data           1  main.o(.data)
    f1000Hz                                  0x10000063   Data           1  main.o(.data)
    f100Hz                                   0x10000064   Data           1  main.o(.data)
    f50Hz                                    0x10000065   Data           1  main.o(.data)
    f10Hz                                    0x10000066   Data           1  main.o(.data)
    f5Hz                                     0x10000067   Data           1  main.o(.data)
    f2Hz                                     0x10000068   Data           1  main.o(.data)
    f1Hz                                     0x10000069   Data           1  main.o(.data)
    tick                                     0x1000006a   Data           1  main.o(.data)
    bDTS                                     0x1000006b   Data           1  main.o(.data)
    init                                     0x1000006c   Data           1  main.o(.data)
    a                                        0x1000006d   Data           5  main.o(.data)
    ind_out                                  0x10000072   Data           6  main.o(.data)
    work_stat                                0x10000078   Data           1  main.o(.data)
    flash_net_def_cnt                        0x1000007a   Data           2  main.o(.data)
    Kubat                                    0x1000007c   Data           4  main.o(.data)
    Kibat0                                   0x10000080   Data           4  main.o(.data)
    Kibat1                                   0x10000084   Data           4  main.o(.data)
    Kunet                                    0x10000088   Data           2  main.o(.data)
    SERIAL_NUMBER                            0x1000008c   Data           4  main.o(.data)
    ETH_IS_ON                                0x10000090   Data           2  main.o(.data)
    ETH_DHCP_ON                              0x10000092   Data           2  main.o(.data)
    ETH_IP_1                                 0x10000094   Data           2  main.o(.data)
    ETH_IP_2                                 0x10000096   Data           2  main.o(.data)
    ETH_IP_3                                 0x10000098   Data           2  main.o(.data)
    ETH_IP_4                                 0x1000009a   Data           2  main.o(.data)
    ETH_NET_MASK_1                           0x1000009c   Data           2  main.o(.data)
    ETH_NET_MASK_2                           0x1000009e   Data           2  main.o(.data)
    ETH_NET_MASK_3                           0x100000a0   Data           2  main.o(.data)
    ETH_NET_MASK_4                           0x100000a2   Data           2  main.o(.data)
    ETH_DEF_GATW_1                           0x100000a4   Data           2  main.o(.data)
    ETH_DEF_GATW_2                           0x100000a6   Data           2  main.o(.data)
    ETH_DEF_GATW_3                           0x100000a8   Data           2  main.o(.data)
    ETH_DEF_GATW_4                           0x100000aa   Data           2  main.o(.data)
    ETH_SNMP_PORT_READ                       0x100000ac   Data           2  main.o(.data)
    ETH_SNMP_PORT_WRITE                      0x100000ae   Data           2  main.o(.data)
    SNMP_READ_PORT                           0x100000b0   Data           2  main.o(.data)
    SNMP_WRITE_PORT                          0x100000b2   Data           2  main.o(.data)
    SNMP_TRAP1_IP_1                          0x100000b4   Data           2  main.o(.data)
    SNMP_TRAP1_IP_2                          0x100000b6   Data           2  main.o(.data)
    SNMP_TRAP1_IP_3                          0x100000b8   Data           2  main.o(.data)
    SNMP_TRAP1_IP_4                          0x100000ba   Data           2  main.o(.data)
    SNMP_TRAP2_IP_1                          0x100000bc   Data           2  main.o(.data)
    SNMP_TRAP2_IP_2                          0x100000be   Data           2  main.o(.data)
    SNMP_TRAP2_IP_3                          0x100000c0   Data           2  main.o(.data)
    SNMP_TRAP2_IP_4                          0x100000c2   Data           2  main.o(.data)
    SNMP_TRAP3_IP_1                          0x100000c4   Data           2  main.o(.data)
    SNMP_TRAP3_IP_2                          0x100000c6   Data           2  main.o(.data)
    SNMP_TRAP3_IP_3                          0x100000c8   Data           2  main.o(.data)
    SNMP_TRAP3_IP_4                          0x100000ca   Data           2  main.o(.data)
    SNMP_TRAP4_IP_1                          0x100000cc   Data           2  main.o(.data)
    SNMP_TRAP4_IP_2                          0x100000ce   Data           2  main.o(.data)
    SNMP_TRAP4_IP_3                          0x100000d0   Data           2  main.o(.data)
    SNMP_TRAP4_IP_4                          0x100000d2   Data           2  main.o(.data)
    SNMP_TRAP5_IP_1                          0x100000d4   Data           2  main.o(.data)
    SNMP_TRAP5_IP_2                          0x100000d6   Data           2  main.o(.data)
    SNMP_TRAP5_IP_3                          0x100000d8   Data           2  main.o(.data)
    SNMP_TRAP5_IP_4                          0x100000da   Data           2  main.o(.data)
    MAIN_POWER_TRAP_SEND_OF_AV               0x100000dc   Data           2  main.o(.data)
    MAIN_POWER_TRAP_SEND_OF_NO_AV            0x100000de   Data           2  main.o(.data)
    INVERTER_TEMPERATURE_TRAP_SEND_OF_AV     0x100000e0   Data           2  main.o(.data)
    INVERTER_TEMPERATURE_TRAP_SEND_OF_NO_AV  0x100000e2   Data           2  main.o(.data)
    INVERTER_VOLTAGE_TRAP_SEND_OF_AV         0x100000e4   Data           2  main.o(.data)
    INVERTER_VOLTAGE_TRAP_SEND_OF_NO_AV      0x100000e6   Data           2  main.o(.data)
    INVERTER_CURRENT_TRAP_SEND_OF_AV         0x100000e8   Data           2  main.o(.data)
    INVERTER_CURRENT_TRAP_SEND_OF_NO_AV      0x100000ea   Data           2  main.o(.data)
    BATTERY_VOLTAGE_TRAP_SEND_OF_AV          0x100000ec   Data           2  main.o(.data)
    BATTERY_VOLTAGE_TRAP_SEND_OF_NO_AV       0x100000ee   Data           2  main.o(.data)
    cnt_net_drv                              0x100000f0   Data           1  main.o(.data)
    net_av                                   0x100000f1   Data           1  main.o(.data)
    speed                                    0x100000f2   Data           1  main.o(.data)
    l_but                                    0x100000f3   Data           1  main.o(.data)
    n_but                                    0x100000f4   Data           1  main.o(.data)
    but                                      0x100000f5   Data           1  main.o(.data)
    but_n                                    0x100000f8   Data           4  main.o(.data)
    but_s                                    0x100000fc   Data           4  main.o(.data)
    but0_cnt                                 0x10000100   Data           1  main.o(.data)
    but1_cnt                                 0x10000101   Data           1  main.o(.data)
    but_onL_temp                             0x10000102   Data           1  main.o(.data)
    main_cnt                                 0x10000104   Data           2  main.o(.data)
    plazma_pal                               0x10000106   Data           1  main.o(.data)
    rele_cnt                                 0x10000108   Data           2  main.o(.data)
    bRELE                                    0x1000010a   Data           1  main.o(.data)
    R_OFF                                    0x1000010b   Data           1  main.o(.data)
    R_ON                                     0x1000010c   Data           1  main.o(.data)
    chch                                     0x1000010e   Data           1  control.o(.data)
    adc_self_ch_cnt                          0x1000010f   Data           1  control.o(.data)
    adc_cnt                                  0x10000110   Data           1  control.o(.data)
    adc_cnt1                                 0x10000111   Data           1  control.o(.data)
    adc_ch                                   0x10000112   Data           1  control.o(.data)
    adc_ch_cnt                               0x10000113   Data           1  control.o(.data)
    net_buff_                                0x10000114   Data           2  control.o(.data)
    net_buff_cnt                             0x10000116   Data           1  control.o(.data)
    adc_self_ch_buff                         0x10000118   Data           6  control.o(.data)
    adc_self_ch_disp                         0x1000011e   Data           6  control.o(.data)
    adc_result                               0x10000124   Data           2  control.o(.data)
    adc_net_buff_cnt                         0x10000126   Data           2  control.o(.data)
    avar_stat                                0x10000128   Data           4  avar_hndl.o(.data)
    avar_ind_stat                            0x1000012c   Data           4  avar_hndl.o(.data)
    avar_stat_old                            0x10000130   Data           4  avar_hndl.o(.data)
    avar_stat_new                            0x10000134   Data           4  avar_hndl.o(.data)
    avar_stat_offed                          0x10000138   Data           4  avar_hndl.o(.data)
    av_inv                                   0x1000013c   Data           6  avar_hndl.o(.data)
    restart                                  0x10000142   Data           1  beeper_drv.o(.data)
    quantity                                 0x10000143   Data           1  beeper_drv.o(.data)
    count_q                                  0x10000144   Data           1  beeper_drv.o(.data)
    single                                   0x10000145   Data           1  beeper_drv.o(.data)
    duration                                 0x10000146   Data           2  beeper_drv.o(.data)
    pause                                    0x10000148   Data           2  beeper_drv.o(.data)
    delay                                    0x1000014a   Data           2  beeper_drv.o(.data)
    timer_b                                  0x1000014c   Data           2  beeper_drv.o(.data)
    count_b                                  0x1000014e   Data           2  beeper_drv.o(.data)
    count_t                                  0x10000150   Data           2  beeper_drv.o(.data)
    gCANFilter                               0x10000154   Data           2  full_can.o(.data)
    bOUT_FREE                                0x10000156   Data           1  full_can.o(.data)
    bOUT_FREE2                               0x10000157   Data           1  full_can.o(.data)
    ptr_can1_tx_wr                           0x10000158   Data           1  full_can.o(.data)
    ptr_can1_tx_rd                           0x10000159   Data           1  full_can.o(.data)
    ptr_can2_tx_wr                           0x1000015a   Data           1  full_can.o(.data)
    ptr_can2_tx_rd                           0x1000015b   Data           1  full_can.o(.data)
    bR                                       0x1000015c   Data           1  full_can.o(.data)
    bIN                                      0x1000015d   Data           1  full_can.o(.data)
    bIN2                                     0x1000015e   Data           1  full_can.o(.data)
    TX_len                                   0x1000015f   Data           1  full_can.o(.data)
    rotor_rotor_rotor                        0x10000160   Data           2  full_can.o(.data)
    can_tx_cnt                               0x10000162   Data           1  full_can.o(.data)
    CANStatus                                0x10000164   Data           4  full_can.o(.data)
    b_restart                                0x10000168   Data           1  led_break_drv.o(.data)
    b_quantity                               0x10000169   Data           1  led_break_drv.o(.data)
    b_count_q                                0x1000016a   Data           1  led_break_drv.o(.data)
    b_duration                               0x1000016c   Data           2  led_break_drv.o(.data)
    b_pause                                  0x1000016e   Data           2  led_break_drv.o(.data)
    b_delay                                  0x10000170   Data           2  led_break_drv.o(.data)
    b_count_b                                0x10000172   Data           2  led_break_drv.o(.data)
    iap_entry                                0x10000174   Data           4  emac_lpc17xx.o(.data)
    aaa_                                     0x1000017c   Data           4  snmp_mib.o(.data)
    snmp_mib                                 0x10000180   Data        1032  snmp_mib.o(.data)
    a_                                       0x10000588   Data           4  snmp_mib.o(.data)
    aa_                                      0x1000058c   Data           1  snmp_mib.o(.data)
    snmp_SysUpTime                           0x10000594   Data           4  at_snmp.o(.data)
    sys_tick                                 0x100005a4   Data           1  at_system.o(.data)
    sec_tick                                 0x100005a5   Data           1  at_system.o(.data)
    timer_cnt                                0x100005a8   Data           2  at_system.o(.data)
    par_glav_menu                            0x100005b4   Data          10  main.o(.bss)
    b                                        0x100005be   Data          50  main.o(.bss)
    lcd_bitmap                               0x100005f0   Data        1024  main.o(.bss)
    lcd_buffer                               0x100009f0   Data          70  main.o(.bss)
    bps                                      0x10000a38   Data        1008  main.o(.bss)
    adc_buff                                 0x10000e28   Data        1024  control.o(.bss)
    adc_buff_                                0x10001228   Data          32  control.o(.bss)
    net_buff                                 0x10001248   Data          64  control.o(.bss)
    snmp_location                            0x10001288   Data         100  snmp_data_file.o(.bss)
    snmp_spc_trap_message                    0x100012ec   Data         100  snmp_data_file.o(.bss)
    snmp_snmp_settings_read_community        0x10001350   Data          16  snmp_data_file.o(.bss)
    snmp_snmp_settings_write_community       0x10001360   Data          16  snmp_data_file.o(.bss)
    can1_info                                0x10001370   Data          32  full_can.o(.bss)
    can1_id                                  0x10001390   Data          32  full_can.o(.bss)
    can1_data                                0x100013b0   Data          32  full_can.o(.bss)
    can1_datb                                0x100013d0   Data          32  full_can.o(.bss)
    can2_info                                0x100013f0   Data          32  full_can.o(.bss)
    can2_id                                  0x10001410   Data          32  full_can.o(.bss)
    can2_data                                0x10001430   Data          32  full_can.o(.bss)
    can2_datb                                0x10001450   Data          32  full_can.o(.bss)
    rotor_can                                0x10001470   Data          12  full_can.o(.bss)
    gFullCANList                             0x1000147c   Data          24  full_can.o(.bss)
    RXBUFF                                   0x10001494   Data          40  full_can.o(.bss)
    TXBUFF                                   0x100014bc   Data          40  full_can.o(.bss)
    bd_dumm                                  0x100014e4   Data          25  full_can.o(.bss)
    bd                                       0x100014fd   Data          25  full_can.o(.bss)
    RXBUFF2                                  0x10001516   Data          40  full_can.o(.bss)
    TXBUFF2                                  0x1000153e   Data          40  full_can.o(.bss)
    can_rotor                                0x10001566   Data          10  full_can.o(.bss)
    can_debug_plazma                         0x10001570   Data          20  full_can.o(.bss)
    localm                                   0x10004088   Data          60  at_system.o(.bss)
    __initial_sp                             0x100042c8   Data           0  startup_lpc17xx.o(STACK)
    snmp_log                                 0x2007c000   Data        8192  snmp_data_file.o(.data)
    snmp_device_code                         0x2007e000   Data           2  snmp_data_file.o(.data)
    snmp_sernum                              0x2007e004   Data           4  snmp_data_file.o(.data)
    snmp_sernum_lsb                          0x2007e008   Data           2  snmp_data_file.o(.data)
    snmp_sernum_msb                          0x2007e00a   Data           2  snmp_data_file.o(.data)
    snmp_numofbat                            0x2007e00c   Data           2  snmp_data_file.o(.data)
    snmp_numofbps                            0x2007e00e   Data           2  snmp_data_file.o(.data)
    snmp_numofevents                         0x2007e010   Data           2  snmp_data_file.o(.data)
    snmp_main_voltage                        0x2007e012   Data           2  snmp_data_file.o(.data)
    snmp_main_power_on_off                   0x2007e014   Data           2  snmp_data_file.o(.data)
    snmp_load_voltage                        0x2007e016   Data           2  snmp_data_file.o(.data)
    snmp_load_current                        0x2007e018   Data           2  snmp_data_file.o(.data)
    snmp_bps_number                          0x2007e01a   Data           4  snmp_data_file.o(.data)
    snmp_bps_voltage                         0x2007e01e   Data           4  snmp_data_file.o(.data)
    snmp_bps_current                         0x2007e022   Data           4  snmp_data_file.o(.data)
    snmp_bps_temperature                     0x2007e026   Data           4  snmp_data_file.o(.data)
    snmp_bps_stat                            0x2007e02a   Data           4  snmp_data_file.o(.data)
    snmp_battery_voltage                     0x2007e02e   Data           2  snmp_data_file.o(.data)
    snmp_battery_current                     0x2007e030   Data           2  snmp_data_file.o(.data)
    snmp_spc_stat                            0x2007e032   Data           2  snmp_data_file.o(.data)
    snmp_spc_trap_value                      0x2007e034   Data           2  snmp_data_file.o(.data)
    snmp_inverter_voltage                    0x2007e036   Data           2  snmp_data_file.o(.data)
    snmp_inverter_current                    0x2007e038   Data           2  snmp_data_file.o(.data)
    snmp_inverter_temperature                0x2007e03a   Data           2  snmp_data_file.o(.data)
    snmp_inverter_power                      0x2007e03c   Data           2  snmp_data_file.o(.data)
    snmp_command                             0x2007e03e   Data           2  snmp_data_file.o(.data)
    snmp_command_parametr                    0x2007e040   Data           2  snmp_data_file.o(.data)
    snmp_snmp_settings_read_port             0x2007e042   Data           2  snmp_data_file.o(.data)
    snmp_snmp_settings_write_port            0x2007e044   Data           2  snmp_data_file.o(.data)
    snmp_snmp_settings_trap_server_1         0x2007e048   Data           4  snmp_data_file.o(.data)
    snmp_snmp_settings_trap_server_2         0x2007e04c   Data           4  snmp_data_file.o(.data)
    snmp_snmp_settings_trap_server_3         0x2007e050   Data           4  snmp_data_file.o(.data)
    snmp_snmp_settings_trap_server_4         0x2007e054   Data           4  snmp_data_file.o(.data)
    snmp_snmp_settings_trap_server_5         0x2007e058   Data           4  snmp_data_file.o(.data)
    snmp_eth_settings_ip                     0x2007e05c   Data           4  snmp_data_file.o(.data)
    snmp_eth_settings_net_mask               0x2007e060   Data           4  snmp_data_file.o(.data)
    snmp_eth_settings_def_gatw               0x2007e064   Data           4  snmp_data_file.o(.data)
    snmp_trap_settings_main_power_trap_send_of_av 0x2007e068   Data           2  snmp_data_file.o(.data)
    snmp_trap_settings_main_power_trap_send_of_no_av 0x2007e06a   Data           2  snmp_data_file.o(.data)
    snmp_trap_settings_inverter_temperature_trap_send_of_av 0x2007e06c   Data           2  snmp_data_file.o(.data)
    snmp_trap_settings_inverter_temperature_trap_send_of_no_av 0x2007e06e   Data           2  snmp_data_file.o(.data)
    snmp_trap_settings_inverter_voltage_trap_send_of_av 0x2007e070   Data           2  snmp_data_file.o(.data)
    snmp_trap_settings_inverter_voltage_trap_send_of_no_av 0x2007e072   Data           2  snmp_data_file.o(.data)
    snmp_trap_settings_inverter_current_trap_send_of_av 0x2007e074   Data           2  snmp_data_file.o(.data)
    snmp_trap_settings_inverter_current_trap_send_of_no_av 0x2007e076   Data           2  snmp_data_file.o(.data)
    snmp_trap_settings_battery_voltage_trap_send_of_av 0x2007e078   Data           2  snmp_data_file.o(.data)
    snmp_trap_settings_battery_voltage_trap_send_of_no_av 0x2007e07a   Data           2  snmp_data_file.o(.data)
    snmp_main_bps                            0x2007e07c   Data           2  snmp_data_file.o(.data)
    snmp_zv_en                               0x2007e07e   Data           2  snmp_data_file.o(.data)
    snmp_alarm_auto_disable                  0x2007e080   Data           2  snmp_data_file.o(.data)
    snmp_bat_test_time                       0x2007e082   Data           2  snmp_data_file.o(.data)
    snmp_u_max                               0x2007e084   Data           2  snmp_data_file.o(.data)
    snmp_u_0_grad                            0x2007e086   Data           2  snmp_data_file.o(.data)
    snmp_u_20_grad                           0x2007e088   Data           2  snmp_data_file.o(.data)
    snmp_u_sign                              0x2007e08a   Data           2  snmp_data_file.o(.data)
    snmp_u_min_power                         0x2007e08c   Data           2  snmp_data_file.o(.data)
    snmp_u_withouth_bat                      0x2007e08e   Data           2  snmp_data_file.o(.data)
    snmp_control_current                     0x2007e090   Data           2  snmp_data_file.o(.data)
    snmp_max_charge_current                  0x2007e092   Data           2  snmp_data_file.o(.data)
    snmp_max_current                         0x2007e094   Data           2  snmp_data_file.o(.data)
    snmp_max_current_koef                    0x2007e096   Data           2  snmp_data_file.o(.data)
    snmp_up_charge_koef                      0x2007e098   Data           2  snmp_data_file.o(.data)
    snmp_powerup_psu_timeout                 0x2007e09a   Data           2  snmp_data_file.o(.data)
    snmp_max_temperature                     0x2007e09c   Data           2  snmp_data_file.o(.data)
    snmp_alarm_status                        0x2007e09e   Data           2  snmp_data_file.o(.data)
    snmp_spc_trap_value_0                    0x2007e0a0   Data           2  snmp_data_file.o(.data)
    snmp_spc_trap_value_1                    0x2007e0a2   Data           2  snmp_data_file.o(.data)
    snmp_spc_trap_value_2                    0x2007e0a4   Data           2  snmp_data_file.o(.data)
    Mem_Pool                                 0x2007e0a8   Data        8192  net_config_http.o(.bss)
    arp_table                                0x200800a8   Data         140  net_config_http.o(.bss)
    udp_socket                               0x20080134   Data          60  net_config_http.o(.bss)
    tcp_socket                               0x20080170   Data         352  net_config_http.o(.bss)



==============================================================================

Memory Map of the image

  Image Entry point : 0x000000cd

  Load Region LR_IROM1 (Base: 0x00000000, Size: 0x000110d0, Max: 0x00040000, ABSOLUTE, COMPRESSED[0x0000ed60])

    Execution Region ER_IROM1 (Base: 0x00000000, Size: 0x0000ea74, Max: 0x00040000, ABSOLUTE)

    Base Addr    Size         Type   Attr      Idx    E Section Name        Object

    0x00000000   0x000000cc   Data   RO            3    RESET               startup_lpc17xx.o
    0x000000cc   0x00000000   Code   RO          739  * .ARM.Collect$$$$00000000  mc_w.l(entry.o)
    0x000000cc   0x00000004   Code   RO         1009    .ARM.Collect$$$$00000001  mc_w.l(entry2.o)
    0x000000d0   0x00000004   Code   RO         1012    .ARM.Collect$$$$00000004  mc_w.l(entry5.o)
    0x000000d4   0x00000008   Code   RO         1013    .ARM.Collect$$$$00000007  mc_w.l(entry7.o)
    0x000000dc   0x00000004   Code   RO         1010    .ARM.Collect$$$$00002712  mc_w.l(entry2.o)
    0x000000e0   0x0000001c   Code   RO            5    .text               startup_lpc17xx.o
    0x000000fc   0x00000062   Code   RO           13    .text               net_config_http.o
    0x0000015e   0x00000002   PAD
    0x00000160   0x00000058   Code   RO          396    .text               led_break_drv.o
    0x000001b8   0x00000024   Code   RO          742    .text               mc_w.l(memcpya.o)
    0x000001dc   0x00000010   Code   RO          744    .text               mc_w.l(strlen.o)
    0x000001ec   0x0000002c   Code   RO         1017    .text               mc_w.l(uidiv.o)
    0x00000218   0x00000024   Code   RO         1032    .text               mc_w.l(init.o)
    0x0000023c   0x0000005c   Code   RO         1051    .text               mc_w.l(__dczerorl2.o)
    0x00000298   0x00000016   Code   RO          635    i.CalcChksum        TCP_CM3.lib(at_lib.o)
    0x000002ae   0x00000002   PAD
    0x000002b0   0x00000028   Code   RO          636    i.CalcChksumBuf     TCP_CM3.lib(at_lib.o)
    0x000002d8   0x0000000a   Code   RO          637    i.CalcChksumVal     TCP_CM3.lib(at_lib.o)
    0x000002e2   0x0000000a   Code   RO          638    i.SwapB             TCP_CM3.lib(at_lib.o)
    0x000002ec   0x0000000e   Code   RO         1045    i.__scatterload_copy  mc_w.l(handlers.o)
    0x000002fa   0x00000002   Code   RO         1046    i.__scatterload_null  mc_w.l(handlers.o)
    0x000002fc   0x00000004   Code   RO            4    .ARM.__at_0x02FC    startup_lpc17xx.o
    0x00000300   0x0000026c   Code   RO           50    .text               system_lpc17xx.o
    0x0000056c   0x00005f90   Code   RO           85    .text               main.o
    0x000064fc   0x00000a34   Code   RO          218    .text               control.o
    0x00006f30   0x000003d4   Code   RO          267    .text               memo.o
    0x00007304   0x000006cc   Code   RO          281    .text               avar_hndl.o
    0x000079d0   0x00001858   Code   RO          308    .text               snmp_data_file.o
    0x00009228   0x000001b0   Code   RO          331    .text               beeper_drv.o
    0x000093d8   0x000006c8   Code   RO          350    .text               25lc640.o
    0x00009aa0   0x00000734   Code   RO          366    .text               full_can.o
    0x0000a1d4   0x00000200   Code   RO          415    .text               ssd1306.o
    0x0000a3d4   0x00000458   Code   RO          443    .text               i2c.o
    0x0000a82c   0x000006a8   Code   RO          459    .text               emac_lpc17xx.o
    0x0000aed4   0x00000028   Code   RO          905    i.__0sprintf$6      mc_w.l(printf6.o)
    0x0000aefc   0x0000000e   Code   RO         1047    i.__scatterload_zeroinit  mc_w.l(handlers.o)
    0x0000af0a   0x00000002   PAD
    0x0000af0c   0x00000338   Code   RO          910    i._printf_core      mc_w.l(printf6.o)
    0x0000b244   0x00000026   Code   RO          911    i._printf_post_padding  mc_w.l(printf6.o)
    0x0000b26a   0x0000002e   Code   RO          912    i._printf_pre_padding  mc_w.l(printf6.o)
    0x0000b298   0x0000000a   Code   RO          914    i._sputc            mc_w.l(printf6.o)
    0x0000b2a2   0x00000002   PAD
    0x0000b2a4   0x000000ec   Code   RO          584    i.add_object        TCP_CM3.lib(at_snmp.o)
    0x0000b390   0x000000a4   Code   RO          683    i.alloc_mem         TCP_CM3.lib(at_mem.o)
    0x0000b434   0x000000c4   Code   RO          702    i.arp_cache_add     TCP_CM3.lib(at_arp.o)
    0x0000b4f8   0x0000006c   Code   RO          703    i.arp_cache_alloc   TCP_CM3.lib(at_arp.o)
    0x0000b564   0x00000118   Code   RO          704    i.arp_cache_find    TCP_CM3.lib(at_arp.o)
    0x0000b67c   0x000000f8   Code   RO          706    i.arp_cache_update  TCP_CM3.lib(at_arp.o)
    0x0000b774   0x00000068   Code   RO          708    i.arp_get_response  TCP_CM3.lib(at_arp.o)
    0x0000b7dc   0x0000009c   Code   RO          709    i.arp_send_reply    TCP_CM3.lib(at_arp.o)
    0x0000b878   0x000000ac   Code   RO          710    i.arp_send_req      TCP_CM3.lib(at_arp.o)
    0x0000b924   0x00000046   Code   RO          585    i.bind_tlv          TCP_CM3.lib(at_snmp.o)
    0x0000b96a   0x0000003e   Code   RO          586    i.bind_val          TCP_CM3.lib(at_snmp.o)
    0x0000b9a8   0x00000010   Code   RO          616    i.eth_chk_adr       TCP_CM3.lib(at_ethernet.o)
    0x0000b9b8   0x00000098   Code   RO          618    i.eth_send_frame    TCP_CM3.lib(at_ethernet.o)
    0x0000ba50   0x00000068   Code   RO          684    i.free_mem          TCP_CM3.lib(at_mem.o)
    0x0000bab8   0x00000016   Code   RO          645    i.get_u32           TCP_CM3.lib(at_lib.o)
    0x0000bace   0x0000002c   Code   RO          587    i.get_value         TCP_CM3.lib(at_snmp.o)
    0x0000bafa   0x0000000c   Code   RO          588    i.ilen              TCP_CM3.lib(at_snmp.o)
    0x0000bb06   0x00000002   PAD
    0x0000bb08   0x00000038   Code   RO          693    i.init_TcpNet       TCP_CM3.lib(at_system.o)
    0x0000bb40   0x00000028   Code   RO          711    i.init_arp          TCP_CM3.lib(at_arp.o)
    0x0000bb68   0x00000024   Code   RO          619    i.init_eth_link     TCP_CM3.lib(at_ethernet.o)
    0x0000bb8c   0x00000024   Code   RO          685    i.init_mem          TCP_CM3.lib(at_mem.o)
    0x0000bbb0   0x0000005c   Code   RO          589    i.init_snmp         TCP_CM3.lib(at_snmp.o)
    0x0000bc0c   0x00000018   Code   RO          510    i.init_tcp          TCP_CM3.lib(at_tcp.o)
    0x0000bc24   0x0000001c   Code   RO          565    i.init_udp          TCP_CM3.lib(at_udp.o)
    0x0000bc40   0x000000c4   Code   RO          727    i.ip_chk_frame      TCP_CM3.lib(at_ip.o)
    0x0000bd04   0x0000000a   Code   RO          728    i.ip_get_chksum     TCP_CM3.lib(at_ip.o)
    0x0000bd0e   0x00000002   PAD
    0x0000bd10   0x00000098   Code   RO          729    i.ip_get_locadr     TCP_CM3.lib(at_ip.o)
    0x0000bda8   0x00000090   Code   RO          730    i.ip_send_frame     TCP_CM3.lib(at_ip.o)
    0x0000be38   0x00000022   Code   RO          646    i.is_subnet         TCP_CM3.lib(at_lib.o)
    0x0000be5a   0x00000002   PAD
    0x0000be5c   0x0000002c   Code   RO          712    i.is_subnet_bcast   TCP_CM3.lib(at_arp.o)
    0x0000be88   0x0000003c   Code   RO          694    i.main_TcpNet       TCP_CM3.lib(at_system.o)
    0x0000bec4   0x0000001e   Code   RO          647    i.mem_comp          TCP_CM3.lib(at_lib.o)
    0x0000bee2   0x00000002   PAD
    0x0000bee4   0x0000001c   Code   RO          648    i.mem_copy          TCP_CM3.lib(at_lib.o)
    0x0000bf00   0x00000010   Code   RO          650    i.mem_set           TCP_CM3.lib(at_lib.o)
    0x0000bf10   0x00000016   Code   RO          651    i.mem_test          TCP_CM3.lib(at_lib.o)
    0x0000bf26   0x00000002   PAD
    0x0000bf28   0x00000080   Code   RO          590    i.mib_find          TCP_CM3.lib(at_snmp.o)
    0x0000bfa8   0x00000080   Code   RO          591    i.mib_write         TCP_CM3.lib(at_snmp.o)
    0x0000c028   0x0000006c   Code   RO          592    i.parse_tlv         TCP_CM3.lib(at_snmp.o)
    0x0000c094   0x00000002   Code   RO          620    i.poll_ethernet     TCP_CM3.lib(at_ethernet.o)
    0x0000c096   0x00000002   PAD
    0x0000c098   0x00000098   Code   RO          713    i.process_arp       TCP_CM3.lib(at_arp.o)
    0x0000c130   0x00000002   Code   RO          621    i.process_hl_igmp   TCP_CM3.lib(at_ethernet.o)
    0x0000c132   0x00000074   Code   RO          737    i.process_icmp      TCP_CM3.lib(at_icmp.o)
    0x0000c1a6   0x00000002   PAD
    0x0000c1a8   0x0000046c   Code   RO          511    i.process_tcp       TCP_CM3.lib(at_tcp.o)
    0x0000c614   0x000000c4   Code   RO          566    i.process_udp       TCP_CM3.lib(at_udp.o)
    0x0000c6d8   0x0000002c   Code   RO          622    i.put_in_queue      TCP_CM3.lib(at_ethernet.o)
    0x0000c704   0x00000034   Code   RO          686    i.resize_mem        TCP_CM3.lib(at_mem.o)
    0x0000c738   0x000000b0   Code   RO          623    i.run_eth_link      TCP_CM3.lib(at_ethernet.o)
    0x0000c7e8   0x00000030   Code   RO          593    i.run_snmp_agent    TCP_CM3.lib(at_snmp.o)
    0x0000c818   0x00000010   Code   RO          652    i.set_u32           TCP_CM3.lib(at_lib.o)
    0x0000c828   0x00000036   Code   RO          594    i.set_value         TCP_CM3.lib(at_snmp.o)
    0x0000c85e   0x00000002   PAD
    0x0000c860   0x0000031c   Code   RO          595    i.snmp_listener     TCP_CM3.lib(at_snmp.o)
    0x0000cb7c   0x0000025c   Code   RO          597    i.snmp_trap         TCP_CM3.lib(at_snmp.o)
    0x0000cdd8   0x00000016   Code   RO          653    i.str_copy          TCP_CM3.lib(at_lib.o)
    0x0000cdee   0x00000002   PAD
    0x0000cdf0   0x00000014   Code   RO          521    i.tcp_init_seq      TCP_CM3.lib(at_tcp.o)
    0x0000ce04   0x000000a0   Code   RO          523    i.tcp_map_socket    TCP_CM3.lib(at_tcp.o)
    0x0000cea4   0x000001f4   Code   RO          525    i.tcp_poll_sockets  TCP_CM3.lib(at_tcp.o)
    0x0000d098   0x00000070   Code   RO          526    i.tcp_process_opt   TCP_CM3.lib(at_tcp.o)
    0x0000d108   0x00000022   Code   RO          531    i.tcp_send_ctrl     TCP_CM3.lib(at_tcp.o)
    0x0000d12a   0x00000002   PAD
    0x0000d12c   0x000000f4   Code   RO          532    i.tcp_send_frame    TCP_CM3.lib(at_tcp.o)
    0x0000d220   0x00000080   Code   RO          533    i.tcp_send_reset    TCP_CM3.lib(at_tcp.o)
    0x0000d2a0   0x00000012   Code   RO          535    i.tcp_set_retransmit  TCP_CM3.lib(at_tcp.o)
    0x0000d2b2   0x00000002   PAD
    0x0000d2b4   0x00000074   Code   RO          536    i.tcp_transit       TCP_CM3.lib(at_tcp.o)
    0x0000d328   0x0000000c   Code   RO          695    i.timer_tick        TCP_CM3.lib(at_system.o)
    0x0000d334   0x00000010   Code   RO          568    i.udp_get_buf       TCP_CM3.lib(at_udp.o)
    0x0000d344   0x00000048   Code   RO          569    i.udp_get_socket    TCP_CM3.lib(at_udp.o)
    0x0000d38c   0x0000007c   Code   RO          571    i.udp_open          TCP_CM3.lib(at_udp.o)
    0x0000d408   0x0000010c   Code   RO          573    i.udp_send          TCP_CM3.lib(at_udp.o)
    0x0000d514   0x00000014   Code   RO          598    i.ulen              TCP_CM3.lib(at_snmp.o)
    0x0000d528   0x00000060   Data   RO           15    .constdata          net_config_http.o
    0x0000d588   0x000011d8   Data   RO           87    .constdata          main.o
    0x0000e760   0x00000051   Data   RO          310    .constdata          snmp_data_file.o
    0x0000e7b1   0x00000200   Data   RO          368    .constdata          full_can.o
    0x0000e9b1   0x00000003   PAD
    0x0000e9b4   0x0000000c   Data   RO          487    .constdata          snmp_mib.o
    0x0000e9c0   0x00000006   Data   RO          625    .constdata          TCP_CM3.lib(at_ethernet.o)
    0x0000e9c6   0x00000004   Data   RO          731    .constdata          TCP_CM3.lib(at_ip.o)
    0x0000e9ca   0x00000067   Data   RO          488    .conststring        snmp_mib.o
    0x0000ea31   0x00000003   PAD
    0x0000ea34   0x00000040   Data   RO         1043    Region$$Table       anon$$obj.o


    Execution Region RW_IRAM1 (Base: 0x10000000, Size: 0x000042c8, Max: 0x00008000, ABSOLUTE, COMPRESSED[0x000001dc])

    Base Addr    Size         Type   Attr      Idx    E Section Name        Object

    0x10000000   0x00000021   Data   RW           16    .data               net_config_http.o
    0x10000021   0x00000003   PAD
    0x10000024   0x00000004   Data   RW           51    .data               system_lpc17xx.o
    0x10000028   0x000000e5   Data   RW           88    .data               main.o
    0x1000010d   0x00000001   PAD
    0x1000010e   0x0000001a   Data   RW          220    .data               control.o
    0x10000128   0x0000001a   Data   RW          282    .data               avar_hndl.o
    0x10000142   0x00000010   Data   RW          332    .data               beeper_drv.o
    0x10000152   0x00000002   PAD
    0x10000154   0x00000014   Data   RW          369    .data               full_can.o
    0x10000168   0x0000000c   Data   RW          397    .data               led_break_drv.o
    0x10000174   0x00000005   Data   RW          461    .data               emac_lpc17xx.o
    0x10000179   0x00000003   PAD
    0x1000017c   0x00000411   Data   RW          489    .data               snmp_mib.o
    0x1000058d   0x00000001   PAD
    0x1000058e   0x00000004   Data   RW          537    .data               TCP_CM3.lib(at_tcp.o)
    0x10000592   0x00000002   Data   RW          574    .data               TCP_CM3.lib(at_udp.o)
    0x10000594   0x00000004   Data   RW          600    .data               TCP_CM3.lib(at_snmp.o)
    0x10000598   0x00000008   Data   RW          626    .data               TCP_CM3.lib(at_ethernet.o)
    0x100005a0   0x00000004   Data   RW          687    .data               TCP_CM3.lib(at_mem.o)
    0x100005a4   0x00000008   Data   RW          697    .data               TCP_CM3.lib(at_system.o)
    0x100005ac   0x00000002   Data   RW          714    .data               TCP_CM3.lib(at_arp.o)
    0x100005ae   0x00000004   Data   RW          732    .data               TCP_CM3.lib(at_ip.o)
    0x100005b2   0x00000002   PAD
    0x100005b4   0x00000874   Zero   RW           86    .bss                main.o
    0x10000e28   0x00000460   Zero   RW          219    .bss                control.o
    0x10001288   0x000000e8   Zero   RW          309    .bss                snmp_data_file.o
    0x10001370   0x00000214   Zero   RW          367    .bss                full_can.o
    0x10001584   0x00000004   PAD
    0x10001588   0x00002a64   Zero   RW          460    .bss                emac_lpc17xx.o
    0x10003fec   0x0000001c   Zero   RW          599    .bss                TCP_CM3.lib(at_snmp.o)
    0x10004008   0x00000080   Zero   RW          624    .bss                TCP_CM3.lib(at_ethernet.o)
    0x10004088   0x0000003c   Zero   RW          696    .bss                TCP_CM3.lib(at_system.o)
    0x100040c4   0x00000004   PAD
    0x100040c8   0x00000200   Zero   RW            1    STACK               startup_lpc17xx.o


    Execution Region RW_IRAM2 (Base: 0x2007c000, Size: 0x000042d0, Max: 0x00008000, ABSOLUTE, COMPRESSED[0x00000110])

    Base Addr    Size         Type   Attr      Idx    E Section Name        Object

    0x2007c000   0x000020a6   Data   RW          311    .data               snmp_data_file.o
    0x2007e0a6   0x00000002   PAD
    0x2007e0a8   0x00002228   Zero   RW           14    .bss                net_config_http.o


==============================================================================

Image component sizes


      Code (inc. data)   RO Data    RW Data    ZI Data      Debug   Object Name

      1736         20          0          0          0       3578   25lc640.o
      1740        148          0         26          0      19490   avar_hndl.o
       432         42          0         16          0       1257   beeper_drv.o
      2612         98          0         26       1120      36871   control.o
         0          0          0          0          0       2712   core_cm3.o
      1704        130          0          5      10852      25974   emac_lpc17xx.o
      1844        186        512         20        532      22858   full_can.o
      1112         14          0          0          0       1916   i2c.o
        88         22          0         12          0        950   led_break_drv.o
     24464       3620       4568        229       2164      68735   main.o
       980        216          0          0          0        684   memo.o
        98          6         96         33       8744      12972   net_config_http.o
      6232       1038         81       8358        232      14842   snmp_data_file.o
         0          0        115       1041          0        917   snmp_mib.o
       512          0          0          0          0       1228   ssd1306.o
        32          8        204          0        512        912   startup_lpc17xx.o
       620         74          0          4          0        743   system_lpc17xx.o

    ----------------------------------------------------------------------
     44208       5622       5646       9782      24160     216639   Object Totals
         0          0         64          0          0          0   (incl. Generated)
         2          0          6         12          4          1   (incl. Padding)

    ----------------------------------------------------------------------

      Code (inc. data)   RO Data    RW Data    ZI Data      Debug   Library Member Name

      1500        156          0          2          0        892   at_arp.o
       428         48          6          8        128        544   at_ethernet.o
       116          0          0          0          0         88   at_icmp.o
       502         26          4          4          0        332   at_ip.o
       272          0          0          0          0        852   at_lib.o
       356         38          0          4          0        348   at_mem.o
      2402        110          0          4         28       1136   at_snmp.o
       128         28          0          8         60        216   at_system.o
      2488        134          0          4          0        992   at_tcp.o
       704         50          0          2          0        484   at_udp.o
        92          0          0          0          0          0   __dczerorl2.o
         0          0          0          0          0          0   entry.o
         8          4          0          0          0          0   entry2.o
         4          0          0          0          0          0   entry5.o
         8          4          0          0          0          0   entry7.o
        30          0          0          0          0          0   handlers.o
        36          8          0          0          0         68   init.o
        36          0          0          0          0         68   memcpya.o
       958         12          0          0          0        420   printf6.o
        16          0          0          0          0         68   strlen.o
        44          0          0          0          0         80   uidiv.o

    ----------------------------------------------------------------------
     10156        618         10         38        220       6588   Library Totals
        28          0          0          2          4          0   (incl. Padding)

    ----------------------------------------------------------------------

      Code (inc. data)   RO Data    RW Data    ZI Data      Debug   Library Name

      8896        590         10         36        216       5884   TCP_CM3.lib
      1232         28          0          0          0        704   mc_w.l

    ----------------------------------------------------------------------
     10156        618         10         38        220       6588   Library Totals

    ----------------------------------------------------------------------

==============================================================================


      Code (inc. data)   RO Data    RW Data    ZI Data      Debug   

     54364       6240       5656       9820      24380     217976   Grand Totals
     54364       6240       5656        748      24380     217976   ELF Image Totals (compressed)
     54364       6240       5656        748          0          0   ROM Totals

==============================================================================

    Total RO  Size (Code + RO Data)                60020 (  58.61kB)
    Total RW  Size (RW Data + ZI Data)             34200 (  33.40kB)
    Total ROM Size (Code + RO Data + RW Data)      60768 (  59.34kB)

==============================================================================

