ARM Linker, 4.1 [Build 644] [Standard]

==============================================================================

Section Cross References

    startup_lpc17xx.o(RESET) refers to startup_lpc17xx.o(STACK) for __initial_sp
    startup_lpc17xx.o(RESET) refers to startup_lpc17xx.o(.text) for Reset_Handler
    startup_lpc17xx.o(RESET) refers to main.o(.text) for SysTick_Handler
    startup_lpc17xx.o(RESET) refers to full_can.o(.text) for CAN_IRQHandler
    startup_lpc17xx.o(RESET) refers to emac_lpc17xx.o(.text) for ENET_IRQHandler
    startup_lpc17xx.o(.text) refers to entry.o(.ARM.Collect$$$$00000000) for __main
    net_config_http.o(.text) refers to at_ethernet.o(i.init_eth_link) for init_eth_link
    net_config_http.o(.text) refers to at_udp.o(i.init_udp) for init_udp
    net_config_http.o(.text) refers to at_tcp.o(i.init_tcp) for init_tcp
    net_config_http.o(.text) refers to at_snmp.o(i.init_snmp) for init_snmp
    net_config_http.o(.text) refers to at_ethernet.o(i.run_eth_link) for run_eth_link
    net_config_http.o(.text) refers to at_tcp.o(i.tcp_poll_sockets) for tcp_poll_sockets
    net_config_http.o(.text) refers to at_snmp.o(i.run_snmp_agent) for run_snmp_agent
    net_config_http.o(.text) refers to at_udp.o(i.process_udp) for process_udp
    net_config_http.o(.text) refers to at_tcp.o(i.process_tcp) for process_tcp
    net_config_http.o(.text) refers to at_ethernet.o(i.eth_send_frame) for eth_send_frame
    system_lpc17xx.o(.text) refers to system_lpc17xx.o(.data) for SystemFrequency
    main.o(.text) refers to full_can.o(.text) for can1_out
    main.o(.text) refers to avar_hndl.o(.text) for avar_bps_hndl
    main.o(.text) refers to 25lc640.o(.text) for lc640_read_int
    main.o(.text) refers to at_system.o(i.timer_tick) for timer_tick
    main.o(.text) refers to main.o(.data) for cnt_net_drv
    main.o(.text) refers to main.o(.bss) for bps
    main.o(.text) refers to at_system.o(.bss) for localm
    main.o(.text) refers to control.o(.data) for adc_self_ch_buff
    main.o(.text) refers to main.o(.constdata) for caracter16x9
    main.o(.text) refers to printfa.o(i.__0sprintf) for __2sprintf
    main.o(.text) refers to fflti.o(.text) for __aeabi_i2f
    main.o(.text) refers to fdiv.o(.text) for __aeabi_fdiv
    main.o(.text) refers to f2d.o(.text) for __aeabi_f2d
    main.o(.text) refers to snmp_data_file.o(.data) for snmp_main_voltage
    main.o(.text) refers to strlen.o(.text) for strlen
    main.o(.text) refers to net_config_http.o(.data) for snmp_Community
    main.o(.text) refers to ssd1306.o(.text) for ssd1306_data
    main.o(.text) refers to control.o(.bss) for adc_buff_
    main.o(.text) refers to system_lpc17xx.o(.text) for SystemInit
    main.o(.text) refers to control.o(.text) for rele_init
    main.o(.text) refers to memo.o(.text) for memo_read
    main.o(.text) refers to i2c.o(.text) for i2c_init
    main.o(.text) refers to at_lib.o(i.mem_copy) for mem_copy
    main.o(.text) refers to system_lpc17xx.o(.data) for SystemFrequency
    main.o(.text) refers to at_system.o(i.init_TcpNet) for init_TcpNet
    main.o(.text) refers to led_break_drv.o(.text) for led_beep
    main.o(.text) refers to at_system.o(i.main_TcpNet) for main_TcpNet
    main.o(.text) refers to snmp_data_file.o(.text) for snmp_data
    control.o(.text) refers to avar_hndl.o(.text) for avar_unet_hndl
    control.o(.text) refers to main.o(.text) for abs_pal
    control.o(.text) refers to snmp_data_file.o(.data) for snmp_main_voltage
    control.o(.text) refers to main.o(.data) for main_cnt
    control.o(.text) refers to control.o(.bss) for adc_buff_
    control.o(.text) refers to control.o(.data) for adc_self_ch_buff
    control.o(.text) refers to main.o(.bss) for bps
    memo.o(.text) refers to 25lc640.o(.text) for lc640_read_int
    memo.o(.text) refers to main.o(.data) for Kubat
    memo.o(.text) refers to snmp_data_file.o(.bss) for snmp_snmp_settings_read_community
    memo.o(.text) refers to main.o(.bss) for par_glav_menu
    avar_hndl.o(.text) refers to beeper_drv.o(.text) for beep
    avar_hndl.o(.text) refers to snmp_data_file.o(.text) for snmp_trap_send
    avar_hndl.o(.text) refers to led_break_drv.o(.text) for blink
    avar_hndl.o(.text) refers to main.o(.data) for net_av
    avar_hndl.o(.text) refers to avar_hndl.o(.data) for avar_stat
    avar_hndl.o(.text) refers to main.o(.bss) for bps
    snmp_data_file.o(.text) refers to 25lc640.o(.text) for lc640_write
    snmp_data_file.o(.text) refers to main.o(.data) for SNMP_READ_PORT
    snmp_data_file.o(.text) refers to snmp_data_file.o(.data) for snmp_snmp_settings_read_port
    snmp_data_file.o(.text) refers to main.o(.bss) for bps
    snmp_data_file.o(.text) refers to snmp_data_file.o(.bss) for snmp_location
    snmp_data_file.o(.text) refers to memcpya.o(.text) for __aeabi_memcpy4
    snmp_data_file.o(.text) refers to main.o(.constdata) for sm_mont
    snmp_data_file.o(.text) refers to snmp_data_file.o(.constdata) for .constdata
[...]
    i.is_subnet                              0x0000d1a0   Section        0  at_lib.o(i.is_subnet)
    i.is_subnet_bcast                        0x0000d1c4   Section        0  at_arp.o(i.is_subnet_bcast)
    i.main_TcpNet                            0x0000d1f0   Section        0  at_system.o(i.main_TcpNet)
    i.mem_comp                               0x0000d22c   Section        0  at_lib.o(i.mem_comp)
    i.mem_copy                               0x0000d24c   Section        0  at_lib.o(i.mem_copy)
    i.mem_set                                0x0000d268   Section        0  at_lib.o(i.mem_set)
    i.mem_test                               0x0000d278   Section        0  at_lib.o(i.mem_test)
    i.mib_find                               0x0000d290   Section        0  at_snmp.o(i.mib_find)
    mib_find                                 0x0000d291   Thumb Code   116  at_snmp.o(i.mib_find)
    i.mib_write                              0x0000d310   Section        0  at_snmp.o(i.mib_write)
    mib_write                                0x0000d311   Thumb Code   122  at_snmp.o(i.mib_write)
    i.parse_tlv                              0x0000d390   Section        0  at_snmp.o(i.parse_tlv)
    parse_tlv                                0x0000d391   Thumb Code   108  at_snmp.o(i.parse_tlv)
    i.process_arp                            0x0000d3fc   Section        0  at_arp.o(i.process_arp)
    i.process_icmp                           0x0000d494   Section        0  at_icmp.o(i.process_icmp)
    i.process_tcp                            0x0000d508   Section        0  at_tcp.o(i.process_tcp)
    i.process_udp                            0x0000d974   Section        0  at_udp.o(i.process_udp)
    i.put_in_queue                           0x0000da38   Section        0  at_ethernet.o(i.put_in_queue)
    i.resize_mem                             0x0000da64   Section        0  at_mem.o(i.resize_mem)
    i.run_eth_link                           0x0000da98   Section        0  at_ethernet.o(i.run_eth_link)
    i.run_snmp_agent                         0x0000db48   Section        0  at_snmp.o(i.run_snmp_agent)
    i.set_u32                                0x0000db78   Section        0  at_lib.o(i.set_u32)
    i.set_value                              0x0000db88   Section        0  at_snmp.o(i.set_value)
    set_value                                0x0000db89   Thumb Code    54  at_snmp.o(i.set_value)
    i.snmp_listener                          0x0000dbc0   Section        0  at_snmp.o(i.snmp_listener)
    snmp_listener                            0x0000dbc1   Thumb Code   786  at_snmp.o(i.snmp_listener)
    i.snmp_trap                              0x0000dedc   Section        0  at_snmp.o(i.snmp_trap)
    i.str_copy                               0x0000e138   Section        0  at_lib.o(i.str_copy)
    i.tcp_init_seq                           0x0000e150   Section        0  at_tcp.o(i.tcp_init_seq)
    tcp_init_seq                             0x0000e151   Thumb Code    14  at_tcp.o(i.tcp_init_seq)
    i.tcp_map_socket                         0x0000e164   Section        0  at_tcp.o(i.tcp_map_socket)
    tcp_map_socket                           0x0000e165   Thumb Code   150  at_tcp.o(i.tcp_map_socket)
    i.tcp_poll_sockets                       0x0000e204   Section        0  at_tcp.o(i.tcp_poll_sockets)
    i.tcp_process_opt                        0x0000e3f8   Section        0  at_tcp.o(i.tcp_process_opt)
    tcp_process_opt                          0x0000e3f9   Thumb Code   106  at_tcp.o(i.tcp_process_opt)
    i.tcp_send_ctrl                          0x0000e468   Section        0  at_tcp.o(i.tcp_send_ctrl)
    tcp_send_ctrl                            0x0000e469   Thumb Code    34  at_tcp.o(i.tcp_send_ctrl)
    i.tcp_send_frame                         0x0000e48c   Section        0  at_tcp.o(i.tcp_send_frame)
    tcp_send_frame                           0x0000e48d   Thumb Code   236  at_tcp.o(i.tcp_send_frame)
    i.tcp_send_reset                         0x0000e580   Section        0  at_tcp.o(i.tcp_send_reset)
    tcp_send_reset                           0x0000e581   Thumb Code   120  at_tcp.o(i.tcp_send_reset)
    i.tcp_set_retransmit                     0x0000e600   Section        0  at_tcp.o(i.tcp_set_retransmit)
    tcp_set_retransmit                       0x0000e601   Thumb Code    18  at_tcp.o(i.tcp_set_retransmit)
    i.tcp_transit                            0x0000e614   Section        0  at_tcp.o(i.tcp_transit)
    tcp_transit                              0x0000e615   Thumb Code    96  at_tcp.o(i.tcp_transit)
    i.timer_tick                             0x0000e688   Section        0  at_system.o(i.timer_tick)
    i.udp_get_buf                            0x0000e694   Section        0  at_udp.o(i.udp_get_buf)
    i.udp_get_socket                         0x0000e6a4   Section        0  at_udp.o(i.udp_get_socket)
    i.udp_open                               0x0000e6ec   Section        0  at_udp.o(i.udp_open)
    i.udp_send                               0x0000e768   Section        0  at_udp.o(i.udp_send)
    i.ulen                                   0x0000e874   Section        0  at_snmp.o(i.ulen)
    ulen                                     0x0000e875   Thumb Code    20  at_snmp.o(i.ulen)
    .constdata                               0x0000e888   Section       96  net_config_http.o(.constdata)
    .constdata                               0x0000e8e8   Section     4568  main.o(.constdata)
    .constdata                               0x0000fac0   Section       81  snmp_data_file.o(.constdata)
    .constdata                               0x0000fb11   Section      512  full_can.o(.constdata)
    .constdata                               0x0000fd14   Section       12  snmp_mib.o(.constdata)
    sysServices                              0x0000fd14   Data           1  snmp_mib.o(.constdata)
    displayPsuQauntity                       0x0000fd15   Data           1  snmp_mib.o(.constdata)
    .constdata                               0x0000fd20   Section        6  at_ethernet.o(.constdata)
    .constdata                               0x0000fd26   Section        4  at_ip.o(.constdata)
    .conststring                             0x0000fd2a   Section      103  snmp_mib.o(.conststring)
    .data                                    0x10000000   Section       33  net_config_http.o(.data)
    .data                                    0x10000024   Section        4  system_lpc17xx.o(.data)
    .data                                    0x10000028   Section      237  main.o(.data)
    .data                                    0x10000116   Section       26  control.o(.data)
    .data                                    0x10000130   Section       26  avar_hndl.o(.data)
    .data                                    0x1000014a   Section       16  beeper_drv.o(.data)
    .data                                    0x1000015c   Section       20  full_can.o(.data)
    .data                                    0x10000170   Section       12  led_break_drv.o(.data)
    .data                                    0x1000017c   Section        5  emac_lpc17xx.o(.data)
    dev_175x                                 0x10000180   Data           1  emac_lpc17xx.o(.data)
    .data                                    0x10000184   Section     1041  snmp_mib.o(.data)
    .data                                    0x10000596   Section        4  at_tcp.o(.data)
    socket                                   0x10000596   Data           1  at_tcp.o(.data)
    port                                     0x10000598   Data           2  at_tcp.o(.data)
    .data                                    0x1000059a   Section        2  at_udp.o(.data)
    port                                     0x1000059a   Data           2  at_udp.o(.data)
    .data                                    0x1000059c   Section        4  at_snmp.o(.data)
    .data                                    0x100005a0   Section        8  at_ethernet.o(.data)
    q_head                                   0x100005a0   Data           4  at_ethernet.o(.data)
    q_tail                                   0x100005a4   Data           4  at_ethernet.o(.data)
    .data                                    0x100005a8   Section        4  at_mem.o(.data)
    Mem_Load                                 0x100005a8   Data           4  at_mem.o(.data)
    .data                                    0x100005ac   Section        8  at_system.o(.data)
    tick_fl                                  0x100005ae   Data           1  at_system.o(.data)
    sec_cnt                                  0x100005b2   Data           2  at_system.o(.data)
    .data                                    0x100005b4   Section        2  at_arp.o(.data)
    next_entry                               0x100005b4   Data           2  at_arp.o(.data)
    .data                                    0x100005b6   Section        4  at_ip.o(.data)
    netif                                    0x100005b6   Data           1  at_ip.o(.data)
    ip_id                                    0x100005b8   Data           2  at_ip.o(.data)
    .bss                                     0x100005bc   Section     2164  main.o(.bss)
    .bss                                     0x10000e30   Section     1120  control.o(.bss)
    .bss                                     0x10001290   Section      232  snmp_data_file.o(.bss)
    .bss                                     0x10001378   Section      532  full_can.o(.bss)
    .bss                                     0x10001590   Section    10852  emac_lpc17xx.o(.bss)
    Rx_Desc                                  0x10001590   Data          32  emac_lpc17xx.o(.bss)
    Rx_Stat                                  0x100015b0   Data          32  emac_lpc17xx.o(.bss)
    Tx_Desc                                  0x100015d0   Data          24  emac_lpc17xx.o(.bss)
    Tx_Stat                                  0x100015e8   Data          12  emac_lpc17xx.o(.bss)
    rx_buf                                   0x100015f4   Data        6144  emac_lpc17xx.o(.bss)
    tx_buf                                   0x10002df4   Data        4608  emac_lpc17xx.o(.bss)
    .bss                                     0x10003ff4   Section       28  at_snmp.o(.bss)
    snmp_session                             0x10003ff4   Data          28  at_snmp.o(.bss)
    .bss                                     0x10004010   Section      128  at_ethernet.o(.bss)
    rx_queue                                 0x10004010   Data         128  at_ethernet.o(.bss)
    .bss                                     0x10004090   Section       60  at_system.o(.bss)
    STACK                                    0x100040d0   Section      512  startup_lpc17xx.o(STACK)
    .data                                    0x2007c000   Section     8358  snmp_data_file.o(.data)
    .bss                                     0x2007e0a8   Section     8744  net_config_http.o(.bss)

    Global Symbols

    Symbol Name                              Value     Ov Type        Size  Object(Section)

    BuildAttributes$$THM_ISAv4$P$D$K$B$S$PE$A:L22UL41UL21$X:L11$S22US41US21$IEEE1$IW$USESV6$~STKCKD$USESV7$~SHL$OTIME$ROPI$EBA8$MICROLIB$REQ8$PRES8$EABIv2 0x00000000   Number         0  anon$$obj.o ABSOLUTE
    __ARM_use_no_argv                        0x00000000   Number         0  main.o ABSOLUTE
    __Vectors                                0x00000000   Data           4  startup_lpc17xx.o(RESET)
    _printf_a                                0x00000000   Number         0  stubs.o ABSOLUTE
    _printf_c                                0x00000000   Number         0  stubs.o ABSOLUTE
    _printf_charcount                        0x00000000   Number         0  stubs.o ABSOLUTE
    _printf_d                                0x00000000   Number         0  stubs.o ABSOLUTE
    _printf_e                                0x00000000   Number         0  stubs.o ABSOLUTE
    _printf_f                                0x00000000   Number         0  stubs.o ABSOLUTE
    _printf_flags                            0x00000000   Number         0  stubs.o ABSOLUTE
    _printf_fp_dec                           0x00000000   Number         0  stubs.o ABSOLUTE
    _printf_fp_hex                           0x00000000   Number         0  stubs.o ABSOLUTE
    _printf_g                                0x00000000   Number         0  stubs.o ABSOLUTE
    _printf_i                                0x00000000   Number         0  stubs.o ABSOLUTE
    _printf_int_dec                          0x00000000   Number         0  stubs.o ABSOLUTE
    _printf_l                                0x00000000   Number         0  stubs.o ABSOLUTE
    _printf_lc                               0x00000000   Number         0  stubs.o ABSOLUTE
    _printf_ll                               0x00000000   Number         0  stubs.o ABSOLUTE
    _printf_lld                              0x00000000   Number         0  stubs.o ABSOLUTE
    _printf_lli                              0x00000000   Number         0  stubs.o ABSOLUTE
    _printf_llo                              0x00000000   Number         0  stubs.o ABSOLUTE
    _printf_llu                              0x00000000   Number         0  stubs.o ABSOLUTE
    _printf_llx                              0x00000000   Number         0  stubs.o ABSOLUTE
    _printf_longlong_dec                     0x00000000   Number         0  stubs.o ABSOLUTE
    _printf_longlong_hex                     0x00000000   Number         0  stubs.o ABSOLUTE
    _printf_longlong_oct                     0x00000000   Number         0  stubs.o ABSOLUTE
    _printf_ls                               0x00000000   Number         0  stubs.o ABSOLUTE
    _printf_mbtowc                           0x00000000   Number         0  stubs.o ABSOLUTE
    _printf_n                                0x00000000   Number         0  stubs.o ABSOLUTE
    _printf_o                                0x00000000   Number         0  stubs.o ABSOLUTE
    _printf_p                                0x00000000   Number         0  stubs.o ABSOLUTE
    _printf_percent                          0x00000000   Number         0  stubs.o ABSOLUTE
    _printf_pre_padding                      0x00000000   Number         0  stubs.o ABSOLUTE
    _printf_return_value                     0x00000000   Number         0  stubs.o ABSOLUTE
    _printf_s                                0x00000000   Number         0  stubs.o ABSOLUTE
    _printf_sizespec                         0x00000000   Number         0  stubs.o ABSOLUTE
    _printf_str                              0x00000000   Number         0  stubs.o ABSOLUTE
    _printf_truncate_signed                  0x00000000   Number         0  stubs.o ABSOLUTE
    _printf_truncate_unsigned                0x00000000   Number         0  stubs.o ABSOLUTE
    _printf_u                                0x00000000   Number         0  stubs.o ABSOLUTE
    _printf_wc                               0x00000000   Number         0  stubs.o ABSOLUTE
    _printf_wctomb                           0x00000000   Number         0  stubs.o ABSOLUTE
    _printf_widthprec                        0x00000000   Number         0  stubs.o ABSOLUTE
    _printf_x                                0x00000000   Number         0  stubs.o ABSOLUTE
    arp_notify                                - Undefined Weak Reference
    __main                                   0x000000cd   Thumb Code     0  entry.o(.ARM.Collect$$$$00000000)
    _main_stk                                0x000000cd   Thumb Code     0  entry2.o(.ARM.Collect$$$$00000001)
    _main_scatterload                        0x000000d1   Thumb Code     0  entry5.o(.ARM.Collect$$$$00000004)
    __main_after_scatterload                 0x000000d5   Thumb Code     0  entry5.o(.ARM.Collect$$$$00000004)
    _main_init                               0x000000d5   Thumb Code     0  entry7.o(.ARM.Collect$$$$00000007)
    Reset_Handler                            0x000000e1   Thumb Code     4  startup_lpc17xx.o(.text)
    NMI_Handler                              0x000000e5   Thumb Code     2  startup_lpc17xx.o(.text)
    HardFault_Handler                        0x000000e7   Thumb Code     2  startup_lpc17xx.o(.text)
    MemManage_Handler                        0x000000e9   Thumb Code     2  startup_lpc17xx.o(.text)
    BusFault_Handler                         0x000000eb   Thumb Code     2  startup_lpc17xx.o(.text)
    UsageFault_Handler                       0x000000ed   Thumb Code     2  startup_lpc17xx.o(.text)
    SVC_Handler                              0x000000ef   Thumb Code     2  startup_lpc17xx.o(.text)
    DebugMon_Handler                         0x000000f1   Thumb Code     2  startup_lpc17xx.o(.text)
    PendSV_Handler                           0x000000f3   Thumb Code     2  startup_lpc17xx.o(.text)
    BOD_IRQHandler                           0x000000f7   Thumb Code     0  startup_lpc17xx.o(.text)
    CANActivity_IRQHandler                   0x000000f7   Thumb Code     0  startup_lpc17xx.o(.text)
    DMA_IRQHandler                           0x000000f7   Thumb Code     0  startup_lpc17xx.o(.text)
    EINT0_IRQHandler                         0x000000f7   Thumb Code     0  startup_lpc17xx.o(.text)
    EINT1_IRQHandler                         0x000000f7   Thumb Code     0  startup_lpc17xx.o(.text)
    EINT2_IRQHandler                         0x000000f7   Thumb Code     0  startup_lpc17xx.o(.text)
    EINT3_IRQHandler                         0x000000f7   Thumb Code     0  startup_lpc17xx.o(.text)
    I2C0_IRQHandler                          0x000000f7   Thumb Code     0  startup_lpc17xx.o(.text)
    I2C1_IRQHandler                          0x000000f7   Thumb Code     0  startup_lpc17xx.o(.text)
    I2C2_IRQHandler                          0x000000f7   Thumb Code     0  startup_lpc17xx.o(.text)
    I2S_IRQHandler                           0x000000f7   Thumb Code     0  startup_lpc17xx.o(.text)
    MCPWM_IRQHandler                         0x000000f7   Thumb Code     0  startup_lpc17xx.o(.text)
    PLL0_IRQHandler                          0x000000f7   Thumb Code     0  startup_lpc17xx.o(.text)
    PLL1_IRQHandler                          0x000000f7   Thumb Code     0  startup_lpc17xx.o(.text)
    PWM1_IRQHandler                          0x000000f7   Thumb Code     0  startup_lpc17xx.o(.text)
    QEI_IRQHandler                           0x000000f7   Thumb Code     0  startup_lpc17xx.o(.text)
    RIT_IRQHandler                           0x000000f7   Thumb Code     0  startup_lpc17xx.o(.text)
    RTC_IRQHandler                           0x000000f7   Thumb Code     0  startup_lpc17xx.o(.text)
    SPI_IRQHandler                           0x000000f7   Thumb Code     0  startup_lpc17xx.o(.text)
    SSP0_IRQHandler                          0x000000f7   Thumb Code     0  startup_lpc17xx.o(.text)
    SSP1_IRQHandler                          0x000000f7   Thumb Code     0  startup_lpc17xx.o(.text)
    TIMER0_IRQHandler                        0x000000f7   Thumb Code     0  startup_lpc17xx.o(.text)
    TIMER1_IRQHandler                        0x000000f7   Thumb Code     0  startup_lpc17xx.o(.text)
    TIMER2_IRQHandler                        0x000000f7   Thumb Code     0  startup_lpc17xx.o(.text)
    TIMER3_IRQHandler                        0x000000f7   Thumb Code     0  startup_lpc17xx.o(.text)
    UART0_IRQHandler                         0x000000f7   Thumb Code     0  startup_lpc17xx.o(.text)
    UART1_IRQHandler                         0x000000f7   Thumb Code     0  startup_lpc17xx.o(.text)
    UART2_IRQHandler                         0x000000f7   Thumb Code     0  startup_lpc17xx.o(.text)
    UART3_IRQHandler                         0x000000f7   Thumb Code     0  startup_lpc17xx.o(.text)
    USBActivity_IRQHandler                   0x000000f7   Thumb Code     0  startup_lpc17xx.o(.text)
    USB_IRQHandler                           0x000000f7   Thumb Code     0  startup_lpc17xx.o(.text)
    WDT_IRQHandler                           0x000000f7   Thumb Code     0  startup_lpc17xx.o(.text)
    sys_error                                0x000000fd   Thumb Code    32  net_config_http.o(.text)
    init_system                              0x0000011d   Thumb Code    26  net_config_http.o(.text)
    run_system                               0x00000137   Thumb Code    18  net_config_http.o(.text)
    process_hl_udp                           0x00000149   Thumb Code     4  net_config_http.o(.text)
    process_hl_tcp                           0x0000014d   Thumb Code     4  net_config_http.o(.text)
    dispatch_frame                           0x00000151   Thumb Code    10  net_config_http.o(.text)
    igmp_is_member                           0x0000015b   Thumb Code     4  net_config_http.o(.text)
    __aeabi_memcpy                           0x0000015f   Thumb Code    36  memcpya.o(.text)
    __aeabi_memcpy4                          0x0000015f   Thumb Code     0  memcpya.o(.text)
    __aeabi_memcpy8                          0x0000015f   Thumb Code     0  memcpya.o(.text)
    strlen                                   0x00000183   Thumb Code    16  strlen.o(.text)
    __aeabi_fdiv                             0x00000193   Thumb Code   128  fdiv.o(.text)
    __aeabi_i2f                              0x00000213   Thumb Code    18  fflti.o(.text)
    __aeabi_f2d                              0x00000225   Thumb Code    44  f2d.o(.text)
    __aeabi_uidiv                            0x00000251   Thumb Code     0  uidiv.o(.text)
    __aeabi_uidivmod                         0x00000251   Thumb Code    44  uidiv.o(.text)
    __aeabi_uldivmod                         0x0000027d   Thumb Code   100  uldiv.o(.text)
    CalcChksum                               0x000002e1   Thumb Code    22  at_lib.o(i.CalcChksum)
    __I$use$fp                               0x000002e1   Thumb Code     0  iusefp.o(.text)
    __scatterload_null                       0x000002f7   Thumb Code     2  handlers.o(i.__scatterload_null)
    poll_ethernet                            0x000002f9   Thumb Code     2  at_ethernet.o(i.poll_ethernet)
    process_hl_igmp                          0x000002fb   Thumb Code     2  at_ethernet.o(i.process_hl_igmp)
    SystemInit                               0x00000301   Thumb Code   546  system_lpc17xx.o(.text)
    __TCP_ARM_VER                            0x00000413   Number         0  at_system.o ABSOLUTE
    delay_us                                 0x0000056d   Thumb Code    18  main.o(.text)
    Delay                                    0x0000057f   Thumb Code    14  main.o(.text)
    rtc_init                                 0x0000058d   Thumb Code    10  main.o(.text)
    net_drv                                  0x00000597   Thumb Code   676  main.o(.text)
    init_ETH                                 0x0000083b   Thumb Code   146  main.o(.text)
    abs_pal                                  0x000008dd   Thumb Code    16  main.o(.text)
    ADC_IRQHandler                           0x000008ed   Thumb Code    64  main.o(.text)
    SysTick_Handler                          0x0000092d   Thumb Code   292  main.o(.text)
    keypad_long                              0x00000a51   Thumb Code    48  main.o(.text)
    keypad_srt                               0x00000a81   Thumb Code    48  main.o(.text)
    keypad_short                             0x00000ab1   Thumb Code    50  main.o(.text)
    keypad_fixed                             0x00000ae3   Thumb Code   146  main.o(.text)
    filling_lcd_buffer                       0x00000b75   Thumb Code   166  main.o(.text)
    bitmap_hndl16x9                          0x00000c1b   Thumb Code   542  main.o(.text)
    ind_hndl                                 0x00000e39   Thumb Code  6740  main.o(.text)
    lcd_out                                  0x0000288d   Thumb Code    72  main.o(.text)
    kurs_up                                  0x000028d5   Thumb Code    34  main.o(.text)
    kurs_down                                0x000028f7   Thumb Code   692  main.o(.text)
    kurs_up1                                 0x00002bab   Thumb Code    36  main.o(.text)
    ethernet_default                         0x00002bcf   Thumb Code   448  main.o(.text)
    analiz_keypad                            0x00002d8f   Thumb Code 12628  main.o(.text)
    main                                     0x00005ee3   Thumb Code  2266  main.o(.text)
    samokalibr_init                          0x000067f9   Thumb Code     2  control.o(.text)
    samokalibr_hndl                          0x000067fb   Thumb Code     2  control.o(.text)
    unet_drv                                 0x000067fd   Thumb Code   156  control.o(.text)
    matemat                                  0x00006899   Thumb Code   128  control.o(.text)
    adc_init                                 0x00006919   Thumb Code   166  control.o(.text)
    adc_drv7                                 0x000069bf   Thumb Code   368  control.o(.text)
    sk_init                                  0x00006b2f   Thumb Code    44  control.o(.text)
    rele_init                                0x00006b5b   Thumb Code    34  control.o(.text)
    rele_hndl                                0x00006b7d   Thumb Code     2  control.o(.text)
    inv_drv                                  0x00006b7f   Thumb Code  1752  control.o(.text)
    memo_read                                0x0000725d   Thumb Code   764  memo.o(.text)
    avar_hndl                                0x00007631   Thumb Code   376  avar_hndl.o(.text)
    avar_unet_hndl                           0x000077a9   Thumb Code   194  avar_hndl.o(.text)
    avar_bps_hndl                            0x0000786b   Thumb Code  1158  avar_hndl.o(.text)
    snmp_data                                0x00007cfd   Thumb Code   434  snmp_data_file.o(.text)
    snmp_location_write                      0x00007eaf   Thumb Code    44  snmp_data_file.o(.text)
    snmp_snmp_settings_read_community_write  0x00007edb   Thumb Code    44  snmp_data_file.o(.text)
    snmp_snmp_settings_write_community_write 0x00007f07   Thumb Code    44  snmp_data_file.o(.text)
    snmp_main_bps_write                      0x00007f33   Thumb Code     2  snmp_data_file.o(.text)
    snmp_snmp_settings_read_port_write       0x00007f35   Thumb Code    22  snmp_data_file.o(.text)
    snmp_snmp_settings_write_port_write      0x00007f4b   Thumb Code    22  snmp_data_file.o(.text)
    snmp_snmp_settings_trap_server_1_write   0x00007f61   Thumb Code   106  snmp_data_file.o(.text)
    snmp_snmp_settings_trap_server_2_write   0x00007fcb   Thumb Code   106  snmp_data_file.o(.text)
    snmp_snmp_settings_trap_server_3_write   0x00008035   Thumb Code   108  snmp_data_file.o(.text)
    snmp_snmp_settings_trap_server_4_write   0x000080a1   Thumb Code   388  snmp_data_file.o(.text)
    snmp_snmp_settings_trap_server_5_write   0x00008225   Thumb Code   112  snmp_data_file.o(.text)
    snmp_eth_settings_ip_write               0x00008295   Thumb Code   106  snmp_data_file.o(.text)
    snmp_eth_settings_net_mask_write         0x000082ff   Thumb Code   106  snmp_data_file.o(.text)
    snmp_eth_settings_def_gatw_write         0x00008369   Thumb Code   106  snmp_data_file.o(.text)
    snmp_trap_settings_main_power_trap_send_of_av_write 0x000083d3   Thumb Code    24  snmp_data_file.o(.text)
    snmp_trap_settings_main_power_trap_send_of_no_av_write 0x000083eb   Thumb Code    24  snmp_data_file.o(.text)
    snmp_trap_settings_inverter_temperature_trap_send_of_av_write 0x00008403   Thumb Code    24  snmp_data_file.o(.text)
    snmp_trap_settings_inverter_temperature_trap_send_of_no_av_write 0x0000841b   Thumb Code    24  snmp_data_file.o(.text)
    snmp_trap_settings_inverter_voltage_trap_send_of_av_write 0x00008433   Thumb Code    24  snmp_data_file.o(.text)
    snmp_trap_settings_inverter_voltage_trap_send_of_no_av_write 0x0000844b   Thumb Code    24  snmp_data_file.o(.text)
    snmp_trap_settings_inverter_current_trap_send_of_av_write 0x00008463   Thumb Code    24  snmp_data_file.o(.text)
    snmp_trap_settings_inverter_current_trap_send_of_no_av_write 0x0000847b   Thumb Code    24  snmp_data_file.o(.text)
    snmp_trap_settings_battery_voltage_trap_send_of_av_write 0x00008493   Thumb Code    24  snmp_data_file.o(.text)
    snmp_trap_settings_battery_voltage_trap_send_of_no_av_write 0x000084ab   Thumb Code    24  snmp_data_file.o(.text)
    snmp_max_current_koef_write              0x000084c3   Thumb Code     2  snmp_data_file.o(.text)
    snmp_up_charge_koef_write                0x000084c5   Thumb Code     2  snmp_data_file.o(.text)
    snmp_max_temperature_write               0x000084c7   Thumb Code     2  snmp_data_file.o(.text)
    snmp_command_execute                     0x000084c9   Thumb Code    20  snmp_data_file.o(.text)
    datatime2str                             0x000084dd   Thumb Code   256  snmp_data_file.o(.text)
    event2snmp                               0x000085dd   Thumb Code  3084  snmp_data_file.o(.text)
    snmp_trap_send                           0x000091e9   Thumb Code   876  snmp_data_file.o(.text)
    beep                                     0x00009555   Thumb Code    80  beeper_drv.o(.text)
    beeper                                   0x000095a5   Thumb Code   310  beeper_drv.o(.text)
    spi1                                     0x00009705   Thumb Code    26  25lc640.o(.text)
    spi1_config                              0x0000971f   Thumb Code    58  25lc640.o(.text)
    spi1_unconfig                            0x00009759   Thumb Code    52  25lc640.o(.text)
    lc640_wren                               0x0000978d   Thumb Code    64  25lc640.o(.text)
    lc640_rdsr                               0x000097cd   Thumb Code    74  25lc640.o(.text)
    lc640_read                               0x00009817   Thumb Code   156  25lc640.o(.text)
    lc640_read_int                           0x000098b3   Thumb Code   152  25lc640.o(.text)
    lc640_read_long                          0x0000994b   Thumb Code   196  25lc640.o(.text)
    lc640_read_long_ptr                      0x00009a0f   Thumb Code   154  25lc640.o(.text)
    lc640_read_str                           0x00009aa9   Thumb Code   170  25lc640.o(.text)
    lc640_write                              0x00009b53   Thumb Code   136  25lc640.o(.text)
    lc640_write_int                          0x00009bdb   Thumb Code   150  25lc640.o(.text)
    lc640_write_long                         0x00009c71   Thumb Code   174  25lc640.o(.text)
    lc640_write_long_ptr                     0x00009d1f   Thumb Code   168  25lc640.o(.text)
    CRC1_in                                  0x00009dcd   Thumb Code    68  full_can.o(.text)
    CRC1_out                                 0x00009e11   Thumb Code    68  full_can.o(.text)
    can1_out                                 0x00009e55   Thumb Code   406  full_can.o(.text)
    can_adr_hndl                             0x00009feb   Thumb Code    64  full_can.o(.text)
    can_in_an1                               0x0000a02b   Thumb Code   204  full_can.o(.text)
    CAN_ISR_Rx1                              0x0000a0f7   Thumb Code   332  full_can.o(.text)
    can_isr_tx1                              0x0000a243   Thumb Code   136  full_can.o(.text)
    can_isr_tx2                              0x0000a2cb   Thumb Code     2  full_can.o(.text)
    can1_init                                0x0000a2cd   Thumb Code   122  full_can.o(.text)
    can2_init                                0x0000a347   Thumb Code     8  full_can.o(.text)
    FullCAN_SetFilter                        0x0000a34f   Thumb Code   322  full_can.o(.text)
    CAN_IRQHandler                           0x0000a491   Thumb Code    52  full_can.o(.text)
    led_beep                                 0x0000a515   Thumb Code  1210  led_break_drv.o(.text)
    blink                                    0x0000a9cf   Thumb Code    66  led_break_drv.o(.text)
    ssd1306SendByte                          0x0000aa31   Thumb Code    54  ssd1306.o(.text)
    ssd1306_command                          0x0000aa67   Thumb Code    54  ssd1306.o(.text)
    ssd1306_data                             0x0000aa9d   Thumb Code    54  ssd1306.o(.text)
    ssd1306_init                             0x0000aad3   Thumb Code   350  ssd1306.o(.text)
    i2c_init                                 0x0000ac31   Thumb Code    86  i2c.o(.text)
    i2c_Start                                0x0000ac87   Thumb Code    84  i2c.o(.text)
    i2c_Restart                              0x0000acdb   Thumb Code   114  i2c.o(.text)
    i2c_ReadAcknowledge                      0x0000ad4d   Thumb Code   136  i2c.o(.text)
    i2c_ReadByte                             0x0000add5   Thumb Code   196  i2c.o(.text)
    i2c_SendAcknowledge                      0x0000ae99   Thumb Code   154  i2c.o(.text)
    i2c_SendByte                             0x0000af33   Thumb Code   210  i2c.o(.text)
    i2c_Stop                                 0x0000b005   Thumb Code   126  i2c.o(.text)
    init_ethernet                            0x0000b301   Thumb Code   668  emac_lpc17xx.o(.text)
    int_enable_eth                           0x0000b59d   Thumb Code    32  emac_lpc17xx.o(.text)
    int_disable_eth                          0x0000b5bd   Thumb Code    26  emac_lpc17xx.o(.text)
    send_frame                               0x0000b5d7   Thumb Code   100  emac_lpc17xx.o(.text)
    ENET_IRQHandler                          0x0000b63b   Thumb Code   196  emac_lpc17xx.o(.text)
    _float_round                             0x0000b731   Thumb Code    18  fepilogue.o(.text)
    _float_epilogue                          0x0000b743   Thumb Code    90  fepilogue.o(.text)
    __aeabi_dadd                             0x0000b79d   Thumb Code   324  dadd.o(.text)
    __aeabi_dsub                             0x0000b8e1   Thumb Code     6  dadd.o(.text)
    __aeabi_drsub                            0x0000b8e7   Thumb Code     6  dadd.o(.text)
    __aeabi_dmul                             0x0000b8ed   Thumb Code   226  dmul.o(.text)
    __aeabi_ddiv                             0x0000b9cf   Thumb Code   226  ddiv.o(.text)
    __aeabi_d2ulz                            0x0000bab1   Thumb Code    48  dfixul.o(.text)
    __aeabi_cdrcmple                         0x0000bae1   Thumb Code    40  cdrcmple.o(.text)
    __scatterload                            0x0000bb09   Thumb Code    28  init.o(.text)
    __scatterload_rt2                        0x0000bb09   Thumb Code     0  init.o(.text)
    __aeabi_llsl                             0x0000bb2d   Thumb Code    30  llshl.o(.text)
    _ll_shift_l                              0x0000bb2d   Thumb Code     0  llshl.o(.text)
    __aeabi_llsr                             0x0000bb4b   Thumb Code    32  llushr.o(.text)
    _ll_ushift_r                             0x0000bb4b   Thumb Code     0  llushr.o(.text)
    __aeabi_lasr                             0x0000bb6b   Thumb Code    36  llsshr.o(.text)
    _ll_sshift_r                             0x0000bb6b   Thumb Code     0  llsshr.o(.text)
    _double_round                            0x0000bb8f   Thumb Code    26  depilogue.o(.text)
    _double_epilogue                         0x0000bba9   Thumb Code   172  depilogue.o(.text)
    __decompress                             0x0000bc55   Thumb Code     0  __dczerorl2.o(.text)
    __decompress1                            0x0000bc55   Thumb Code    92  __dczerorl2.o(.text)
    CalcChksumBuf                            0x0000bcb1   Thumb Code    40  at_lib.o(i.CalcChksumBuf)
    CalcChksumVal                            0x0000bcd9   Thumb Code    10  at_lib.o(i.CalcChksumVal)
    SwapB                                    0x0000bce3   Thumb Code    10  at_lib.o(i.SwapB)
    __0sprintf                               0x0000bced   Thumb Code    34  printfa.o(i.__0sprintf)
    __1sprintf                               0x0000bced   Thumb Code     0  printfa.o(i.__0sprintf)
    __2sprintf                               0x0000bced   Thumb Code     0  printfa.o(i.__0sprintf)
    __c89sprintf                             0x0000bced   Thumb Code     0  printfa.o(i.__0sprintf)
    sprintf                                  0x0000bced   Thumb Code     0  printfa.o(i.__0sprintf)
    __scatterload_copy                       0x0000bd15   Thumb Code    14  handlers.o(i.__scatterload_copy)
    __scatterload_zeroinit                   0x0000bd23   Thumb Code    14  handlers.o(i.__scatterload_zeroinit)
    alloc_mem                                0x0000c6f9   Thumb Code   152  at_mem.o(i.alloc_mem)
    arp_cache_add                            0x0000c79d   Thumb Code   176  at_arp.o(i.arp_cache_add)
    arp_cache_find                           0x0000c8cd   Thumb Code   254  at_arp.o(i.arp_cache_find)
    arp_cache_update                         0x0000c9e5   Thumb Code   218  at_arp.o(i.arp_cache_update)
    arp_send_req                             0x0000cbe1   Thumb Code   154  at_arp.o(i.arp_send_req)
    eth_chk_adr                              0x0000cd11   Thumb Code    10  at_ethernet.o(i.eth_chk_adr)
    eth_send_frame                           0x0000cd21   Thumb Code   138  at_ethernet.o(i.eth_send_frame)
    free_mem                                 0x0000cdb9   Thumb Code    94  at_mem.o(i.free_mem)
    get_u32                                  0x0000ce21   Thumb Code    22  at_lib.o(i.get_u32)
    init_TcpNet                              0x0000ce71   Thumb Code    40  at_system.o(i.init_TcpNet)
    init_arp                                 0x0000cea9   Thumb Code    30  at_arp.o(i.init_arp)
    init_eth_link                            0x0000ced1   Thumb Code    30  at_ethernet.o(i.init_eth_link)
    init_mem                                 0x0000cef5   Thumb Code    24  at_mem.o(i.init_mem)
    init_snmp                                0x0000cf19   Thumb Code    66  at_snmp.o(i.init_snmp)
    init_tcp                                 0x0000cf75   Thumb Code    16  at_tcp.o(i.init_tcp)
    init_udp                                 0x0000cf8d   Thumb Code    18  at_udp.o(i.init_udp)
    ip_chk_frame                             0x0000cfa9   Thumb Code   186  at_ip.o(i.ip_chk_frame)
    ip_get_locadr                            0x0000d079   Thumb Code   140  at_ip.o(i.ip_get_locadr)
    ip_send_frame                            0x0000d111   Thumb Code   140  at_ip.o(i.ip_send_frame)
    is_subnet                                0x0000d1a1   Thumb Code    34  at_lib.o(i.is_subnet)
    is_subnet_bcast                          0x0000d1c5   Thumb Code    40  at_arp.o(i.is_subnet_bcast)
    main_TcpNet                              0x0000d1f1   Thumb Code    52  at_system.o(i.main_TcpNet)
    mem_comp                                 0x0000d22d   Thumb Code    30  at_lib.o(i.mem_comp)
    mem_copy                                 0x0000d24d   Thumb Code    28  at_lib.o(i.mem_copy)
    mem_set                                  0x0000d269   Thumb Code    16  at_lib.o(i.mem_set)
    mem_test                                 0x0000d279   Thumb Code    22  at_lib.o(i.mem_test)
    process_arp                              0x0000d3fd   Thumb Code   142  at_arp.o(i.process_arp)
    process_icmp                             0x0000d495   Thumb Code   116  at_icmp.o(i.process_icmp)
    process_tcp                              0x0000d509   Thumb Code  1132  at_tcp.o(i.process_tcp)
    process_udp                              0x0000d975   Thumb Code   186  at_udp.o(i.process_udp)
    put_in_queue                             0x0000da39   Thumb Code    36  at_ethernet.o(i.put_in_queue)
    resize_mem                               0x0000da65   Thumb Code    48  at_mem.o(i.resize_mem)
    run_eth_link                             0x0000da99   Thumb Code   162  at_ethernet.o(i.run_eth_link)
    run_snmp_agent                           0x0000db49   Thumb Code    34  at_snmp.o(i.run_snmp_agent)
    set_u32                                  0x0000db79   Thumb Code    16  at_lib.o(i.set_u32)
    snmp_trap                                0x0000dedd   Thumb Code   568  at_snmp.o(i.snmp_trap)
    str_copy                                 0x0000e139   Thumb Code    22  at_lib.o(i.str_copy)
    tcp_poll_sockets                         0x0000e205   Thumb Code   472  at_tcp.o(i.tcp_poll_sockets)
    timer_tick                               0x0000e689   Thumb Code     8  at_system.o(i.timer_tick)
    udp_get_buf                              0x0000e695   Thumb Code    16  at_udp.o(i.udp_get_buf)
    udp_get_socket                           0x0000e6a5   Thumb Code    62  at_udp.o(i.udp_get_socket)
    udp_open                                 0x0000e6ed   Thumb Code   112  at_udp.o(i.udp_open)
    udp_send                                 0x0000e769   Thumb Code   260  at_udp.o(i.udp_send)
    nlocalm                                  0x0000e888   Data          60  net_config_http.o(.constdata)
    netif_cfg                                0x0000e8c4   Data           1  net_config_http.o(.constdata)
    MPool_Size                               0x0000e8c8   Data           4  net_config_http.o(.constdata)
    tick_rate                                0x0000e8cc   Data           2  net_config_http.o(.constdata)
    arp_TabSize                              0x0000e8ce   Data           2  net_config_http.o(.constdata)
    arp_TimeOut                              0x0000e8d0   Data           2  net_config_http.o(.constdata)
    arp_MaxRetry                             0x0000e8d2   Data           1  net_config_http.o(.constdata)
    arp_Resend                               0x0000e8d3   Data           1  net_config_http.o(.constdata)
    udp_NumSocks                             0x0000e8d4   Data           1  net_config_http.o(.constdata)
    tcp_NumSocks                             0x0000e8d5   Data           1  net_config_http.o(.constdata)
    tcp_MaxRetry                             0x0000e8d6   Data           1  net_config_http.o(.constdata)
    tcp_RetryTout                            0x0000e8d8   Data           2  net_config_http.o(.constdata)
    tcp_2MSSTout                             0x0000e8da   Data           2  net_config_http.o(.constdata)
    tcp_SynRetryTout                         0x0000e8dc   Data           2  net_config_http.o(.constdata)
    tcp_InitRetryTout                        0x0000e8de   Data           2  net_config_http.o(.constdata)
    tcp_DefTout                              0x0000e8e0   Data           2  net_config_http.o(.constdata)
    tcp_ConRetry                             0x0000e8e2   Data           1  net_config_http.o(.constdata)
    snmp_TickItv                             0x0000e8e3   Data           1  net_config_http.o(.constdata)
    snmp_TrapIp                              0x0000e8e4   Data           4  net_config_http.o(.constdata)
    caracter16x9                             0x0000e8e8   Data        3816  main.o(.constdata)
    sm_mont                                  0x0000f7d0   Data          52  main.o(.constdata)
    Table87                                  0x0000fb11   Data         256  full_can.o(.constdata)
    Table95                                  0x0000fc11   Data         256  full_can.o(.constdata)
    aaa                                      0x0000fd18   Data           4  snmp_mib.o(.constdata)
    snmp_mib_size                            0x0000fd1c   Data           4  snmp_mib.o(.constdata)
    MAC_Broadcast                            0x0000fd20   Data           6  at_ethernet.o(.constdata)
    IP_Broadcast                             0x0000fd26   Data           4  at_ip.o(.constdata)
    Region$$Table$$Base                      0x0000fd94   Number         0  anon$$obj.o(Region$$Table)
    Region$$Table$$Limit                     0x0000fdd4   Number         0  anon$$obj.o(Region$$Table)
    lhost_name                               0x10000000   Data          16  net_config_http.o(.data)
    own_hw_adr                               0x10000010   Data           6  net_config_http.o(.data)
    snmp_PortNum                             0x10000016   Data           2  net_config_http.o(.data)
    snmp_TrapPort                            0x10000018   Data           2  net_config_http.o(.data)
    snmp_Community                           0x1000001a   Data           7  net_config_http.o(.data)
    SystemFrequency                          0x10000024   Data           4  system_lpc17xx.o(.data)
    t100                                     0x10000028   Data           2  main.o(.data)
    t50                                      0x1000002a   Data           2  main.o(.data)
    t10                                      0x1000002c   Data           2  main.o(.data)
    t5                                       0x1000002e   Data           2  main.o(.data)
    t2                                       0x10000030   Data           2  main.o(.data)
    t1                                       0x10000032   Data           2  main.o(.data)
    work_at                                  0x10000034   Data           1  main.o(.data)
    cnt_of_slave                             0x10000035   Data           1  main.o(.data)
    net_stat_cnt                             0x10000036   Data           2  main.o(.data)
    poz_display                              0x10000038   Data           1  main.o(.data)
    poz_display_bf                           0x10000039   Data           1  main.o(.data)
    poz_display_bf2                          0x1000003a   Data           1  main.o(.data)
    poz_kursor                               0x1000003b   Data           1  main.o(.data)
    poz_kursor_bf                            0x1000003c   Data           1  main.o(.data)
    poz_kursor_bf2                           0x1000003d   Data           1  main.o(.data)
    delay_scrin_saver                        0x10000040   Data           4  main.o(.data)
    count_right                              0x10000044   Data           1  main.o(.data)
    count_left                               0x10000045   Data           1  main.o(.data)
    count_down                               0x10000046   Data           1  main.o(.data)
    count_up                                 0x10000047   Data           1  main.o(.data)
    count_f                                  0x10000048   Data           1  main.o(.data)
    flag_right                               0x1000004a   Data           2  main.o(.data)
    flag_left                                0x1000004c   Data           2  main.o(.data)
    flag_down                                0x1000004e   Data           2  main.o(.data)
    flag_up                                  0x10000050   Data           2  main.o(.data)
    flag_f                                   0x10000052   Data           2  main.o(.data)
    count_kalibr_i_bat                       0x10000054   Data           2  main.o(.data)
    flag_l_r                                 0x10000056   Data           1  main.o(.data)
    flash_1S                                 0x10000057   Data           1  main.o(.data)
    password                                 0x10000058   Data           2  main.o(.data)
    password_obr                             0x1000005a   Data           2  main.o(.data)
    pass_error                               0x1000005c   Data           1  main.o(.data)
    poz_flash                                0x1000005d   Data           1  main.o(.data)
    data_can_reset                           0x1000005e   Data           1  main.o(.data)
    count_iakb                               0x1000005f   Data           1  main.o(.data)
    tcp_init_cnt                             0x10000060   Data           1  main.o(.data)
    canzz_tmp                                0x10000061   Data           1  main.o(.data)
    canzx_tmp                                0x10000062   Data           1  main.o(.data)
    kontrol_seti                             0x10000063   Data           1  main.o(.data)
    upravl_shim                              0x10000064   Data           1  main.o(.data)
    rejim_led                                0x10000065   Data           1  main.o(.data)
    rejim_avar_led                           0x10000066   Data           1  main.o(.data)
    count_rejim_led                          0x10000068   Data           2  main.o(.data)
    f1000Hz                                  0x1000006a   Data           1  main.o(.data)
    f100Hz                                   0x1000006b   Data           1  main.o(.data)
    f50Hz                                    0x1000006c   Data           1  main.o(.data)
    f10Hz                                    0x1000006d   Data           1  main.o(.data)
    f5Hz                                     0x1000006e   Data           1  main.o(.data)
    f2Hz                                     0x1000006f   Data           1  main.o(.data)
    f1Hz                                     0x10000070   Data           1  main.o(.data)
    tick                                     0x10000071   Data           1  main.o(.data)
    bDTS                                     0x10000072   Data           1  main.o(.data)
    init                                     0x10000073   Data           1  main.o(.data)
    a                                        0x10000074   Data           5  main.o(.data)
    ind_out                                  0x1000007a   Data           6  main.o(.data)
    work_stat                                0x10000080   Data           1  main.o(.data)
    flash_net_def_cnt                        0x10000082   Data           2  main.o(.data)
    Kubat                                    0x10000084   Data           4  main.o(.data)
    Kibat0                                   0x10000088   Data           4  main.o(.data)
    Kibat1                                   0x1000008c   Data           4  main.o(.data)
    Kunet                                    0x10000090   Data           2  main.o(.data)
    SERIAL_NUMBER                            0x10000094   Data           4  main.o(.data)
    ETH_IS_ON                                0x10000098   Data           2  main.o(.data)
    ETH_DHCP_ON                              0x1000009a   Data           2  main.o(.data)
    ETH_IP_1                                 0x1000009c   Data           2  main.o(.data)
    ETH_IP_2                                 0x1000009e   Data           2  main.o(.data)
    ETH_IP_3                                 0x100000a0   Data           2  main.o(.data)
    ETH_IP_4                                 0x100000a2   Data           2  main.o(.data)
    ETH_NET_MASK_1                           0x100000a4   Data           2  main.o(.data)
    ETH_NET_MASK_2                           0x100000a6   Data           2  main.o(.data)
    ETH_NET_MASK_3                           0x100000a8   Data           2  main.o(.data)
    ETH_NET_MASK_4                           0x100000aa   Data           2  main.o(.data)
    ETH_DEF_GATW_1                           0x100000ac   Data           2  main.o(.data)
    ETH_DEF_GATW_2                           0x100000ae   Data           2  main.o(.data)
    ETH_DEF_GATW_3                           0x100000b0   Data           2  main.o(.data)
    ETH_DEF_GATW_4                           0x100000b2   Data           2  main.o(.data)
    ETH_SNMP_PORT_READ                       0x100000b4   Data           2  main.o(.data)
    ETH_SNMP_PORT_WRITE                      0x100000b6   Data           2  main.o(.data)
    SNMP_READ_PORT                           0x100000b8   Data           2  main.o(.data)
    SNMP_WRITE_PORT                          0x100000ba   Data           2  main.o(.data)
    SNMP_TRAP1_IP_1                          0x100000bc   Data           2  main.o(.data)
    SNMP_TRAP1_IP_2                          0x100000be   Data           2  main.o(.data)
    SNMP_TRAP1_IP_3                          0x100000c0   Data           2  main.o(.data)
    SNMP_TRAP1_IP_4                          0x100000c2   Data           2  main.o(.data)
    SNMP_TRAP2_IP_1                          0x100000c4   Data           2  main.o(.data)
    SNMP_TRAP2_IP_2                          0x100000c6   Data           2  main.o(.data)
    SNMP_TRAP2_IP_3                          0x100000c8   Data           2  main.o(.data)
    SNMP_TRAP2_IP_4                          0x100000ca   Data           2  main.o(.data)
    SNMP_TRAP3_IP_1                          0x100000cc   Data           2  main.o(.data)
    SNMP_TRAP3_IP_2                          0x100000ce   Data           2  main.o(.data)
    SNMP_TRAP3_IP_3                          0x100000d0   Data           2  main.o(.data)
    SNMP_TRAP3_IP_4                          0x100000d2   Data           2  main.o(.data)
    SNMP_TRAP4_IP_1                          0x100000d4   Data           2  main.o(.data)
    SNMP_TRAP4_IP_2                          0x100000d6   Data           2  main.o(.data)
    SNMP_TRAP4_IP_3                          0x100000d8   Data           2  main.o(.data)
    SNMP_TRAP4_IP_4                          0x100000da   Data           2  main.o(.data)
    SNMP_TRAP5_IP_1                          0x100000dc   Data           2  main.o(.data)
    SNMP_TRAP5_IP_2                          0x100000de   Data           2  main.o(.data)
    SNMP_TRAP5_IP_3                          0x100000e0   Data           2  main.o(.data)
    SNMP_TRAP5_IP_4                          0x100000e2   Data           2  main.o(.data)
    MAIN_POWER_TRAP_SEND_OF_AV               0x100000e4   Data           2  main.o(.data)
    MAIN_POWER_TRAP_SEND_OF_NO_AV            0x100000e6   Data           2  main.o(.data)
    INVERTER_TEMPERATURE_TRAP_SEND_OF_AV     0x100000e8   Data           2  main.o(.data)
    INVERTER_TEMPERATURE_TRAP_SEND_OF_NO_AV  0x100000ea   Data           2  main.o(.data)
    INVERTER_VOLTAGE_TRAP_SEND_OF_AV         0x100000ec   Data           2  main.o(.data)
    INVERTER_VOLTAGE_TRAP_SEND_OF_NO_AV      0x100000ee   Data           2  main.o(.data)
    INVERTER_CURRENT_TRAP_SEND_OF_AV         0x100000f0   Data           2  main.o(.data)
    INVERTER_CURRENT_TRAP_SEND_OF_NO_AV      0x100000f2   Data           2  main.o(.data)
    BATTERY_VOLTAGE_TRAP_SEND_OF_AV          0x100000f4   Data           2  main.o(.data)
    BATTERY_VOLTAGE_TRAP_SEND_OF_NO_AV       0x100000f6   Data           2  main.o(.data)
    cnt_net_drv                              0x100000f8   Data           1  main.o(.data)
    net_av                                   0x100000f9   Data           1  main.o(.data)
    speed                                    0x100000fa   Data           1  main.o(.data)
    l_but                                    0x100000fb   Data           1  main.o(.data)
    n_but                                    0x100000fc   Data           1  main.o(.data)
    but                                      0x100000fd   Data           1  main.o(.data)
    but_n                                    0x10000100   Data           4  main.o(.data)
    but_s                                    0x10000104   Data           4  main.o(.data)
    but0_cnt                                 0x10000108   Data           1  main.o(.data)
    but1_cnt                                 0x10000109   Data           1  main.o(.data)
    but_onL_temp                             0x1000010a   Data           1  main.o(.data)
    main_cnt                                 0x1000010c   Data           2  main.o(.data)
    plazma_pal                               0x1000010e   Data           1  main.o(.data)
    rele_cnt                                 0x10000110   Data           2  main.o(.data)
    bRELE                                    0x10000112   Data           1  main.o(.data)
    R_OFF                                    0x10000113   Data           1  main.o(.data)
    R_ON                                     0x10000114   Data           1  main.o(.data)
    chch                                     0x10000116   Data           1  control.o(.data)
    adc_self_ch_cnt                          0x10000117   Data           1  control.o(.data)
    adc_cnt                                  0x10000118   Data           1  control.o(.data)
    adc_cnt1                                 0x10000119   Data           1  control.o(.data)
    adc_ch                                   0x1000011a   Data           1  control.o(.data)
    adc_ch_cnt                               0x1000011b   Data           1  control.o(.data)
    net_buff_                                0x1000011c   Data           2  control.o(.data)
    net_buff_cnt                             0x1000011e   Data           1  control.o(.data)
    adc_self_ch_buff                         0x10000120   Data           6  control.o(.data)
    adc_self_ch_disp                         0x10000126   Data           6  control.o(.data)
    adc_result                               0x1000012c   Data           2  control.o(.data)
    adc_net_buff_cnt                         0x1000012e   Data           2  control.o(.data)
    avar_stat                                0x10000130   Data           4  avar_hndl.o(.data)
    avar_ind_stat                            0x10000134   Data           4  avar_hndl.o(.data)
    avar_stat_old                            0x10000138   Data           4  avar_hndl.o(.data)
    avar_stat_new                            0x1000013c   Data           4  avar_hndl.o(.data)
    avar_stat_offed                          0x10000140   Data           4  avar_hndl.o(.data)
    av_inv                                   0x10000144   Data           6  avar_hndl.o(.data)
    restart                                  0x1000014a   Data           1  beeper_drv.o(.data)
    quantity                                 0x1000014b   Data           1  beeper_drv.o(.data)
    count_q                                  0x1000014c   Data           1  beeper_drv.o(.data)
    single                                   0x1000014d   Data           1  beeper_drv.o(.data)
    duration                                 0x1000014e   Data           2  beeper_drv.o(.data)
    pause                                    0x10000150   Data           2  beeper_drv.o(.data)
    delay                                    0x10000152   Data           2  beeper_drv.o(.data)
    timer_b                                  0x10000154   Data           2  beeper_drv.o(.data)
    count_b                                  0x10000156   Data           2  beeper_drv.o(.data)
    count_t                                  0x10000158   Data           2  beeper_drv.o(.data)
    gCANFilter                               0x1000015c   Data           2  full_can.o(.data)
    bOUT_FREE                                0x1000015e   Data           1  full_can.o(.data)
    bOUT_FREE2                               0x1000015f   Data           1  full_can.o(.data)
    ptr_can1_tx_wr                           0x10000160   Data           1  full_can.o(.data)
    ptr_can1_tx_rd                           0x10000161   Data           1  full_can.o(.data)
    ptr_can2_tx_wr                           0x10000162   Data           1  full_can.o(.data)
    ptr_can2_tx_rd                           0x10000163   Data           1  full_can.o(.data)
    bR                                       0x10000164   Data           1  full_can.o(.data)
    bIN                                      0x10000165   Data           1  full_can.o(.data)
    bIN2                                     0x10000166   Data           1  full_can.o(.data)
    TX_len                                   0x10000167   Data           1  full_can.o(.data)
    rotor_rotor_rotor                        0x10000168   Data           2  full_can.o(.data)
    can_tx_cnt                               0x1000016a   Data           1  full_can.o(.data)
    CANStatus                                0x1000016c   Data           4  full_can.o(.data)
    b_restart                                0x10000170   Data           1  led_break_drv.o(.data)
    b_quantity                               0x10000171   Data           1  led_break_drv.o(.data)
    b_count_q                                0x10000172   Data           1  led_break_drv.o(.data)
    b_duration                               0x10000174   Data           2  led_break_drv.o(.data)
    b_pause                                  0x10000176   Data           2  led_break_drv.o(.data)
    b_delay                                  0x10000178   Data           2  led_break_drv.o(.data)
    b_count_b                                0x1000017a   Data           2  led_break_drv.o(.data)
    iap_entry                                0x1000017c   Data           4  emac_lpc17xx.o(.data)
    aaa_                                     0x10000184   Data           4  snmp_mib.o(.data)
    snmp_mib                                 0x10000188   Data        1032  snmp_mib.o(.data)
    a_                                       0x10000590   Data           4  snmp_mib.o(.data)
    aa_                                      0x10000594   Data           1  snmp_mib.o(.data)
    snmp_SysUpTime                           0x1000059c   Data           4  at_snmp.o(.data)
    sys_tick                                 0x100005ac   Data           1  at_system.o(.data)
    sec_tick                                 0x100005ad   Data           1  at_system.o(.data)
    timer_cnt                                0x100005b0   Data           2  at_system.o(.data)
    par_glav_menu                            0x100005bc   Data          10  main.o(.bss)
    b                                        0x100005c6   Data          50  main.o(.bss)
    lcd_bitmap                               0x100005f8   Data        1024  main.o(.bss)
    lcd_buffer                               0x100009f8   Data          70  main.o(.bss)
    bps                                      0x10000a40   Data        1008  main.o(.bss)
    adc_buff                                 0x10000e30   Data        1024  control.o(.bss)
    adc_buff_                                0x10001230   Data          32  control.o(.bss)
    net_buff                                 0x10001250   Data          64  control.o(.bss)
    snmp_location                            0x10001290   Data         100  snmp_data_file.o(.bss)
    snmp_spc_trap_message                    0x100012f4   Data         100  snmp_data_file.o(.bss)
    snmp_snmp_settings_read_community        0x10001358   Data          16  snmp_data_file.o(.bss)
    snmp_snmp_settings_write_community       0x10001368   Data          16  snmp_data_file.o(.bss)
    can1_info                                0x10001378   Data          32  full_can.o(.bss)
    can1_id                                  0x10001398   Data          32  full_can.o(.bss)
    can1_data                                0x100013b8   Data          32  full_can.o(.bss)
    can1_datb                                0x100013d8   Data          32  full_can.o(.bss)
    can2_info                                0x100013f8   Data          32  full_can.o(.bss)
    can2_id                                  0x10001418   Data          32  full_can.o(.bss)
    can2_data                                0x10001438   Data          32  full_can.o(.bss)
    can2_datb                                0x10001458   Data          32  full_can.o(.bss)
    rotor_can                                0x10001478   Data          12  full_can.o(.bss)
    gFullCANList                             0x10001484   Data          24  full_can.o(.bss)
    RXBUFF                                   0x1000149c   Data          40  full_can.o(.bss)
    TXBUFF                                   0x100014c4   Data          40  full_can.o(.bss)
    bd_dumm                                  0x100014ec   Data          25  full_can.o(.bss)
    bd                                       0x10001505   Data          25  full_can.o(.bss)
    RXBUFF2                                  0x1000151e   Data          40  full_can.o(.bss)
    TXBUFF2                                  0x10001546   Data          40  full_can.o(.bss)
    can_rotor                                0x1000156e   Data          10  full_can.o(.bss)
    can_debug_plazma                         0x10001578   Data          20  full_can.o(.bss)
    localm                                   0x10004090   Data          60  at_system.o(.bss)
    __initial_sp                             0x100042d0   Data           0  startup_lpc17xx.o(STACK)
    snmp_log                                 0x2007c000   Data        8192  snmp_data_file.o(.data)
    snmp_device_code                         0x2007e000   Data           2  snmp_data_file.o(.data)
    snmp_sernum                              0x2007e004   Data           4  snmp_data_file.o(.data)
    snmp_sernum_lsb                          0x2007e008   Data           2  snmp_data_file.o(.data)
    snmp_sernum_msb                          0x2007e00a   Data           2  snmp_data_file.o(.data)
    snmp_numofbat                            0x2007e00c   Data           2  snmp_data_file.o(.data)
    snmp_numofbps                            0x2007e00e   Data           2  snmp_data_file.o(.data)
    snmp_numofevents                         0x2007e010   Data           2  snmp_data_file.o(.data)
    snmp_main_voltage                        0x2007e012   Data           2  snmp_data_file.o(.data)
    snmp_main_power_on_off                   0x2007e014   Data           2  snmp_data_file.o(.data)
    snmp_load_voltage                        0x2007e016   Data           2  snmp_data_file.o(.data)
    snmp_load_current                        0x2007e018   Data           2  snmp_data_file.o(.data)
    snmp_bps_number                          0x2007e01a   Data           4  snmp_data_file.o(.data)
    snmp_bps_voltage                         0x2007e01e   Data           4  snmp_data_file.o(.data)
    snmp_bps_current                         0x2007e022   Data           4  snmp_data_file.o(.data)
    snmp_bps_temperature                     0x2007e026   Data           4  snmp_data_file.o(.data)
    snmp_bps_stat                            0x2007e02a   Data           4  snmp_data_file.o(.data)
    snmp_battery_voltage                     0x2007e02e   Data           2  snmp_data_file.o(.data)
    snmp_battery_current                     0x2007e030   Data           2  snmp_data_file.o(.data)
    snmp_spc_stat                            0x2007e032   Data           2  snmp_data_file.o(.data)
    snmp_spc_trap_value                      0x2007e034   Data           2  snmp_data_file.o(.data)
    snmp_inverter_voltage                    0x2007e036   Data           2  snmp_data_file.o(.data)
    snmp_inverter_current                    0x2007e038   Data           2  snmp_data_file.o(.data)
    snmp_inverter_temperature                0x2007e03a   Data           2  snmp_data_file.o(.data)
    snmp_inverter_power                      0x2007e03c   Data           2  snmp_data_file.o(.data)
    snmp_command                             0x2007e03e   Data           2  snmp_data_file.o(.data)
    snmp_command_parametr                    0x2007e040   Data           2  snmp_data_file.o(.data)
    snmp_snmp_settings_read_port             0x2007e042   Data           2  snmp_data_file.o(.data)
    snmp_snmp_settings_write_port            0x2007e044   Data           2  snmp_data_file.o(.data)
    snmp_snmp_settings_trap_server_1         0x2007e048   Data           4  snmp_data_file.o(.data)
    snmp_snmp_settings_trap_server_2         0x2007e04c   Data           4  snmp_data_file.o(.data)
    snmp_snmp_settings_trap_server_3         0x2007e050   Data           4  snmp_data_file.o(.data)
    snmp_snmp_settings_trap_server_4         0x2007e054   Data           4  snmp_data_file.o(.data)
    snmp_snmp_settings_trap_server_5         0x2007e058   Data           4  snmp_data_file.o(.data)
    snmp_eth_settings_ip                     0x2007e05c   Data           4  snmp_data_file.o(.data)
    snmp_eth_settings_net_mask               0x2007e060   Data           4  snmp_data_file.o(.data)
    snmp_eth_settings_def_gatw               0x2007e064   Data           4  snmp_data_file.o(.data)
    snmp_trap_settings_main_power_trap_send_of_av 0x2007e068   Data           2  snmp_data_file.o(.data)
    snmp_trap_settings_main_power_trap_send_of_no_av 0x2007e06a   Data           2  snmp_data_file.o(.data)
    snmp_trap_settings_inverter_temperature_trap_send_of_av 0x2007e06c   Data           2  snmp_data_file.o(.data)
    snmp_trap_settings_inverter_temperature_trap_send_of_no_av 0x2007e06e   Data           2  snmp_data_file.o(.data)
    snmp_trap_settings_inverter_voltage_trap_send_of_av 0x2007e070   Data           2  snmp_data_file.o(.data)
    snmp_trap_settings_inverter_voltage_trap_send_of_no_av 0x2007e072   Data           2  snmp_data_file.o(.data)
    snmp_trap_settings_inverter_current_trap_send_of_av 0x2007e074   Data           2  snmp_data_file.o(.data)
    snmp_trap_settings_inverter_current_trap_send_of_no_av 0x2007e076   Data           2  snmp_data_file.o(.data)
    snmp_trap_settings_battery_voltage_trap_send_of_av 0x2007e078   Data           2  snmp_data_file.o(.data)
    snmp_trap_settings_battery_voltage_trap_send_of_no_av 0x2007e07a   Data           2  snmp_data_file.o(.data)
    snmp_main_bps                            0x2007e07c   Data           2  snmp_data_file.o(.data)
    snmp_zv_en                               0x2007e07e   Data           2  snmp_data_file.o(.data)
    snmp_alarm_auto_disable                  0x2007e080   Data           2  snmp_data_file.o(.data)
    snmp_bat_test_time                       0x2007e082   Data           2  snmp_data_file.o(.data)
    snmp_u_max                               0x2007e084   Data           2  snmp_data_file.o(.data)
    snmp_u_0_grad                            0x2007e086   Data           2  snmp_data_file.o(.data)
    snmp_u_20_grad                           0x2007e088   Data           2  snmp_data_file.o(.data)
    snmp_u_sign                              0x2007e08a   Data           2  snmp_data_file.o(.data)
    snmp_u_min_power                         0x2007e08c   Data           2  snmp_data_file.o(.data)
    snmp_u_withouth_bat                      0x2007e08e   Data           2  snmp_data_file.o(.data)
    snmp_control_current                     0x2007e090   Data           2  snmp_data_file.o(.data)
    snmp_max_charge_current                  0x2007e092   Data           2  snmp_data_file.o(.data)
    snmp_max_current                         0x2007e094   Data           2  snmp_data_file.o(.data)
    snmp_max_current_koef                    0x2007e096   Data           2  snmp_data_file.o(.data)
    snmp_up_charge_koef                      0x2007e098   Data           2  snmp_data_file.o(.data)
    snmp_powerup_psu_timeout                 0x2007e09a   Data           2  snmp_data_file.o(.data)
    snmp_max_temperature                     0x2007e09c   Data           2  snmp_data_file.o(.data)
    snmp_alarm_status                        0x2007e09e   Data           2  snmp_data_file.o(.data)
    snmp_spc_trap_value_0                    0x2007e0a0   Data           2  snmp_data_file.o(.data)
    snmp_spc_trap_value_1                    0x2007e0a2   Data           2  snmp_data_file.o(.data)
    snmp_spc_trap_value_2                    0x2007e0a4   Data           2  snmp_data_file.o(.data)
    Mem_Pool                                 0x2007e0a8   Data        8192  net_config_http.o(.bss)
    arp_table                                0x200800a8   Data         140  net_config_http.o(.bss)
    udp_socket                               0x20080134   Data          60  net_config_http.o(.bss)
    tcp_socket                               0x20080170   Data         352  net_config_http.o(.bss)



==============================================================================

Memory Map of the image

  Image Entry point : 0x000000cd

  Load Region LR_IROM1 (Base: 0x00000000, Size: 0x00012438, Max: 0x00040000, ABSOLUTE, COMPRESSED[0x000100bc])

    Execution Region ER_IROM1 (Base: 0x00000000, Size: 0x0000fdd4, Max: 0x00040000, ABSOLUTE)

    Base Addr    Size         Type   Attr      Idx    E Section Name        Object

    0x00000000   0x000000cc   Data   RO            3    RESET               startup_lpc17xx.o
    0x000000cc   0x00000000   Code   RO          739  * .ARM.Collect$$$$00000000  mc_w.l(entry.o)
    0x000000cc   0x00000004   Code   RO         1015    .ARM.Collect$$$$00000001  mc_w.l(entry2.o)
    0x000000d0   0x00000004   Code   RO         1018    .ARM.Collect$$$$00000004  mc_w.l(entry5.o)
    0x000000d4   0x00000008   Code   RO         1019    .ARM.Collect$$$$00000007  mc_w.l(entry7.o)
    0x000000dc   0x00000004   Code   RO         1016    .ARM.Collect$$$$00002712  mc_w.l(entry2.o)
    0x000000e0   0x0000001c   Code   RO            5    .text               startup_lpc17xx.o
    0x000000fc   0x00000062   Code   RO           13    .text               net_config_http.o
    0x0000015e   0x00000024   Code   RO          742    .text               mc_w.l(memcpya.o)
    0x00000182   0x00000010   Code   RO          744    .text               mc_w.l(strlen.o)
    0x00000192   0x00000080   Code   RO         1009    .text               mf_w.l(fdiv.o)
    0x00000212   0x00000012   Code   RO         1011    .text               mf_w.l(fflti.o)
    0x00000224   0x0000002c   Code   RO         1013    .text               mf_w.l(f2d.o)
    0x00000250   0x0000002c   Code   RO         1023    .text               mc_w.l(uidiv.o)
    0x0000027c   0x00000064   Code   RO         1025    .text               mc_w.l(uldiv.o)
    0x000002e0   0x00000000   Code   RO         1027    .text               mc_w.l(iusefp.o)
    0x000002e0   0x00000016   Code   RO          635    i.CalcChksum        TCP_CM3.lib(at_lib.o)
    0x000002f6   0x00000002   Code   RO         1054    i.__scatterload_null  mc_w.l(handlers.o)
    0x000002f8   0x00000002   Code   RO          620    i.poll_ethernet     TCP_CM3.lib(at_ethernet.o)
    0x000002fa   0x00000002   Code   RO          621    i.process_hl_igmp   TCP_CM3.lib(at_ethernet.o)
    0x000002fc   0x00000004   Code   RO            4    .ARM.__at_0x02FC    startup_lpc17xx.o
    0x00000300   0x0000026c   Code   RO           50    .text               system_lpc17xx.o
    0x0000056c   0x0000628c   Code   RO           85    .text               main.o
    0x000067f8   0x00000a64   Code   RO          218    .text               control.o
    0x0000725c   0x000003d4   Code   RO          267    .text               memo.o
    0x00007630   0x000006cc   Code   RO          281    .text               avar_hndl.o
    0x00007cfc   0x00001858   Code   RO          308    .text               snmp_data_file.o
    0x00009554   0x000001b0   Code   RO          331    .text               beeper_drv.o
    0x00009704   0x000006c8   Code   RO          350    .text               25lc640.o
    0x00009dcc   0x00000748   Code   RO          366    .text               full_can.o
    0x0000a514   0x0000051c   Code   RO          396    .text               led_break_drv.o
    0x0000aa30   0x00000200   Code   RO          415    .text               ssd1306.o
    0x0000ac30   0x00000458   Code   RO          443    .text               i2c.o
    0x0000b088   0x000006a8   Code   RO          459    .text               emac_lpc17xx.o
    0x0000b730   0x0000006c   Code   RO         1028    .text               mf_w.l(fepilogue.o)
    0x0000b79c   0x00000150   Code   RO         1030    .text               mf_w.l(dadd.o)
    0x0000b8ec   0x000000e2   Code   RO         1032    .text               mf_w.l(dmul.o)
    0x0000b9ce   0x000000e2   Code   RO         1034    .text               mf_w.l(ddiv.o)
    0x0000bab0   0x00000030   Code   RO         1036    .text               mf_w.l(dfixul.o)
    0x0000bae0   0x00000028   Code   RO         1038    .text               mf_w.l(cdrcmple.o)
    0x0000bb08   0x00000024   Code   RO         1040    .text               mc_w.l(init.o)
    0x0000bb2c   0x0000001e   Code   RO         1042    .text               mc_w.l(llshl.o)
    0x0000bb4a   0x00000020   Code   RO         1044    .text               mc_w.l(llushr.o)
    0x0000bb6a   0x00000024   Code   RO         1046    .text               mc_w.l(llsshr.o)
    0x0000bb8e   0x000000c6   Code   RO         1049    .text               mf_w.l(depilogue.o)
    0x0000bc54   0x0000005c   Code   RO         1059    .text               mc_w.l(__dczerorl2.o)
    0x0000bcb0   0x00000028   Code   RO          636    i.CalcChksumBuf     TCP_CM3.lib(at_lib.o)
    0x0000bcd8   0x0000000a   Code   RO          637    i.CalcChksumVal     TCP_CM3.lib(at_lib.o)
    0x0000bce2   0x0000000a   Code   RO          638    i.SwapB             TCP_CM3.lib(at_lib.o)
    0x0000bcec   0x00000028   Code   RO          983    i.__0sprintf        mc_w.l(printfa.o)
    0x0000bd14   0x0000000e   Code   RO         1053    i.__scatterload_copy  mc_w.l(handlers.o)
    0x0000bd22   0x0000000e   Code   RO         1055    i.__scatterload_zeroinit  mc_w.l(handlers.o)
    0x0000bd30   0x00000154   Code   RO          988    i._fp_digits        mc_w.l(printfa.o)
    0x0000be84   0x00000728   Code   RO          989    i._printf_core      mc_w.l(printfa.o)
    0x0000c5ac   0x00000026   Code   RO          990    i._printf_post_padding  mc_w.l(printfa.o)
    0x0000c5d2   0x0000002e   Code   RO          991    i._printf_pre_padding  mc_w.l(printfa.o)
    0x0000c600   0x0000000a   Code   RO          993    i._sputc            mc_w.l(printfa.o)
    0x0000c60a   0x00000002   PAD
    0x0000c60c   0x000000ec   Code   RO          584    i.add_object        TCP_CM3.lib(at_snmp.o)
    0x0000c6f8   0x000000a4   Code   RO          683    i.alloc_mem         TCP_CM3.lib(at_mem.o)
    0x0000c79c   0x000000c4   Code   RO          702    i.arp_cache_add     TCP_CM3.lib(at_arp.o)
    0x0000c860   0x0000006c   Code   RO          703    i.arp_cache_alloc   TCP_CM3.lib(at_arp.o)
    0x0000c8cc   0x00000118   Code   RO          704    i.arp_cache_find    TCP_CM3.lib(at_arp.o)
    0x0000c9e4   0x000000f8   Code   RO          706    i.arp_cache_update  TCP_CM3.lib(at_arp.o)
    0x0000cadc   0x00000068   Code   RO          708    i.arp_get_response  TCP_CM3.lib(at_arp.o)
    0x0000cb44   0x0000009c   Code   RO          709    i.arp_send_reply    TCP_CM3.lib(at_arp.o)
    0x0000cbe0   0x000000ac   Code   RO          710    i.arp_send_req      TCP_CM3.lib(at_arp.o)
    0x0000cc8c   0x00000046   Code   RO          585    i.bind_tlv          TCP_CM3.lib(at_snmp.o)
    0x0000ccd2   0x0000003e   Code   RO          586    i.bind_val          TCP_CM3.lib(at_snmp.o)
    0x0000cd10   0x00000010   Code   RO          616    i.eth_chk_adr       TCP_CM3.lib(at_ethernet.o)
    0x0000cd20   0x00000098   Code   RO          618    i.eth_send_frame    TCP_CM3.lib(at_ethernet.o)
    0x0000cdb8   0x00000068   Code   RO          684    i.free_mem          TCP_CM3.lib(at_mem.o)
    0x0000ce20   0x00000016   Code   RO          645    i.get_u32           TCP_CM3.lib(at_lib.o)
    0x0000ce36   0x0000002c   Code   RO          587    i.get_value         TCP_CM3.lib(at_snmp.o)
    0x0000ce62   0x0000000c   Code   RO          588    i.ilen              TCP_CM3.lib(at_snmp.o)
    0x0000ce6e   0x00000002   PAD
    0x0000ce70   0x00000038   Code   RO          693    i.init_TcpNet       TCP_CM3.lib(at_system.o)
    0x0000cea8   0x00000028   Code   RO          711    i.init_arp          TCP_CM3.lib(at_arp.o)
    0x0000ced0   0x00000024   Code   RO          619    i.init_eth_link     TCP_CM3.lib(at_ethernet.o)
    0x0000cef4   0x00000024   Code   RO          685    i.init_mem          TCP_CM3.lib(at_mem.o)
    0x0000cf18   0x0000005c   Code   RO          589    i.init_snmp         TCP_CM3.lib(at_snmp.o)
    0x0000cf74   0x00000018   Code   RO          510    i.init_tcp          TCP_CM3.lib(at_tcp.o)
    0x0000cf8c   0x0000001c   Code   RO          565    i.init_udp          TCP_CM3.lib(at_udp.o)
    0x0000cfa8   0x000000c4   Code   RO          727    i.ip_chk_frame      TCP_CM3.lib(at_ip.o)
    0x0000d06c   0x0000000a   Code   RO          728    i.ip_get_chksum     TCP_CM3.lib(at_ip.o)
    0x0000d076   0x00000002   PAD
    0x0000d078   0x00000098   Code   RO          729    i.ip_get_locadr     TCP_CM3.lib(at_ip.o)
    0x0000d110   0x00000090   Code   RO          730    i.ip_send_frame     TCP_CM3.lib(at_ip.o)
    0x0000d1a0   0x00000022   Code   RO          646    i.is_subnet         TCP_CM3.lib(at_lib.o)
    0x0000d1c2   0x00000002   PAD
    0x0000d1c4   0x0000002c   Code   RO          712    i.is_subnet_bcast   TCP_CM3.lib(at_arp.o)
    0x0000d1f0   0x0000003c   Code   RO          694    i.main_TcpNet       TCP_CM3.lib(at_system.o)
    0x0000d22c   0x0000001e   Code   RO          647    i.mem_comp          TCP_CM3.lib(at_lib.o)
    0x0000d24a   0x00000002   PAD
    0x0000d24c   0x0000001c   Code   RO          648    i.mem_copy          TCP_CM3.lib(at_lib.o)
    0x0000d268   0x00000010   Code   RO          650    i.mem_set           TCP_CM3.lib(at_lib.o)
    0x0000d278   0x00000016   Code   RO          651    i.mem_test          TCP_CM3.lib(at_lib.o)
    0x0000d28e   0x00000002   PAD
    0x0000d290   0x00000080   Code   RO          590    i.mib_find          TCP_CM3.lib(at_snmp.o)
    0x0000d310   0x00000080   Code   RO          591    i.mib_write         TCP_CM3.lib(at_snmp.o)
    0x0000d390   0x0000006c   Code   RO          592    i.parse_tlv         TCP_CM3.lib(at_snmp.o)
    0x0000d3fc   0x00000098   Code   RO          713    i.process_arp       TCP_CM3.lib(at_arp.o)
    0x0000d494   0x00000074   Code   RO          737    i.process_icmp      TCP_CM3.lib(at_icmp.o)
    0x0000d508   0x0000046c   Code   RO          511    i.process_tcp       TCP_CM3.lib(at_tcp.o)
    0x0000d974   0x000000c4   Code   RO          566    i.process_udp       TCP_CM3.lib(at_udp.o)
    0x0000da38   0x0000002c   Code   RO          622    i.put_in_queue      TCP_CM3.lib(at_ethernet.o)
    0x0000da64   0x00000034   Code   RO          686    i.resize_mem        TCP_CM3.lib(at_mem.o)
    0x0000da98   0x000000b0   Code   RO          623    i.run_eth_link      TCP_CM3.lib(at_ethernet.o)
    0x0000db48   0x00000030   Code   RO          593    i.run_snmp_agent    TCP_CM3.lib(at_snmp.o)
    0x0000db78   0x00000010   Code   RO          652    i.set_u32           TCP_CM3.lib(at_lib.o)
    0x0000db88   0x00000036   Code   RO          594    i.set_value         TCP_CM3.lib(at_snmp.o)
    0x0000dbbe   0x00000002   PAD
    0x0000dbc0   0x0000031c   Code   RO          595    i.snmp_listener     TCP_CM3.lib(at_snmp.o)
    0x0000dedc   0x0000025c   Code   RO          597    i.snmp_trap         TCP_CM3.lib(at_snmp.o)
    0x0000e138   0x00000016   Code   RO          653    i.str_copy          TCP_CM3.lib(at_lib.o)
    0x0000e14e   0x00000002   PAD
    0x0000e150   0x00000014   Code   RO          521    i.tcp_init_seq      TCP_CM3.lib(at_tcp.o)
    0x0000e164   0x000000a0   Code   RO          523    i.tcp_map_socket    TCP_CM3.lib(at_tcp.o)
    0x0000e204   0x000001f4   Code   RO          525    i.tcp_poll_sockets  TCP_CM3.lib(at_tcp.o)
    0x0000e3f8   0x00000070   Code   RO          526    i.tcp_process_opt   TCP_CM3.lib(at_tcp.o)
    0x0000e468   0x00000022   Code   RO          531    i.tcp_send_ctrl     TCP_CM3.lib(at_tcp.o)
    0x0000e48a   0x00000002   PAD
    0x0000e48c   0x000000f4   Code   RO          532    i.tcp_send_frame    TCP_CM3.lib(at_tcp.o)
    0x0000e580   0x00000080   Code   RO          533    i.tcp_send_reset    TCP_CM3.lib(at_tcp.o)
    0x0000e600   0x00000012   Code   RO          535    i.tcp_set_retransmit  TCP_CM3.lib(at_tcp.o)
    0x0000e612   0x00000002   PAD
    0x0000e614   0x00000074   Code   RO          536    i.tcp_transit       TCP_CM3.lib(at_tcp.o)
    0x0000e688   0x0000000c   Code   RO          695    i.timer_tick        TCP_CM3.lib(at_system.o)
    0x0000e694   0x00000010   Code   RO          568    i.udp_get_buf       TCP_CM3.lib(at_udp.o)
    0x0000e6a4   0x00000048   Code   RO          569    i.udp_get_socket    TCP_CM3.lib(at_udp.o)
    0x0000e6ec   0x0000007c   Code   RO          571    i.udp_open          TCP_CM3.lib(at_udp.o)
    0x0000e768   0x0000010c   Code   RO          573    i.udp_send          TCP_CM3.lib(at_udp.o)
    0x0000e874   0x00000014   Code   RO          598    i.ulen              TCP_CM3.lib(at_snmp.o)
    0x0000e888   0x00000060   Data   RO           15    .constdata          net_config_http.o
    0x0000e8e8   0x000011d8   Data   RO           87    .constdata          main.o
    0x0000fac0   0x00000051   Data   RO          310    .constdata          snmp_data_file.o
    0x0000fb11   0x00000200   Data   RO          368    .constdata          full_can.o
    0x0000fd11   0x00000003   PAD
    0x0000fd14   0x0000000c   Data   RO          487    .constdata          snmp_mib.o
    0x0000fd20   0x00000006   Data   RO          625    .constdata          TCP_CM3.lib(at_ethernet.o)
    0x0000fd26   0x00000004   Data   RO          731    .constdata          TCP_CM3.lib(at_ip.o)
    0x0000fd2a   0x00000067   Data   RO          488    .conststring        snmp_mib.o
    0x0000fd91   0x00000003   PAD
    0x0000fd94   0x00000040   Data   RO         1051    Region$$Table       anon$$obj.o


    Execution Region RW_IRAM1 (Base: 0x10000000, Size: 0x000042d0, Max: 0x00008000, ABSOLUTE, COMPRESSED[0x000001d8])

    Base Addr    Size         Type   Attr      Idx    E Section Name        Object

    0x10000000   0x00000021   Data   RW           16    .data               net_config_http.o
    0x10000021   0x00000003   PAD
    0x10000024   0x00000004   Data   RW           51    .data               system_lpc17xx.o
    0x10000028   0x000000ed   Data   RW           88    .data               main.o
    0x10000115   0x00000001   PAD
    0x10000116   0x0000001a   Data   RW          220    .data               control.o
    0x10000130   0x0000001a   Data   RW          282    .data               avar_hndl.o
    0x1000014a   0x00000010   Data   RW          332    .data               beeper_drv.o
    0x1000015a   0x00000002   PAD
    0x1000015c   0x00000014   Data   RW          369    .data               full_can.o
    0x10000170   0x0000000c   Data   RW          397    .data               led_break_drv.o
    0x1000017c   0x00000005   Data   RW          461    .data               emac_lpc17xx.o
    0x10000181   0x00000003   PAD
    0x10000184   0x00000411   Data   RW          489    .data               snmp_mib.o
    0x10000595   0x00000001   PAD
    0x10000596   0x00000004   Data   RW          537    .data               TCP_CM3.lib(at_tcp.o)
    0x1000059a   0x00000002   Data   RW          574    .data               TCP_CM3.lib(at_udp.o)
    0x1000059c   0x00000004   Data   RW          600    .data               TCP_CM3.lib(at_snmp.o)
    0x100005a0   0x00000008   Data   RW          626    .data               TCP_CM3.lib(at_ethernet.o)
    0x100005a8   0x00000004   Data   RW          687    .data               TCP_CM3.lib(at_mem.o)
    0x100005ac   0x00000008   Data   RW          697    .data               TCP_CM3.lib(at_system.o)
    0x100005b4   0x00000002   Data   RW          714    .data               TCP_CM3.lib(at_arp.o)
    0x100005b6   0x00000004   Data   RW          732    .data               TCP_CM3.lib(at_ip.o)
    0x100005ba   0x00000002   PAD
    0x100005bc   0x00000874   Zero   RW           86    .bss                main.o
    0x10000e30   0x00000460   Zero   RW          219    .bss                control.o
    0x10001290   0x000000e8   Zero   RW          309    .bss                snmp_data_file.o
    0x10001378   0x00000214   Zero   RW          367    .bss                full_can.o
    0x1000158c   0x00000004   PAD
    0x10001590   0x00002a64   Zero   RW          460    .bss                emac_lpc17xx.o
    0x10003ff4   0x0000001c   Zero   RW          599    .bss                TCP_CM3.lib(at_snmp.o)
    0x10004010   0x00000080   Zero   RW          624    .bss                TCP_CM3.lib(at_ethernet.o)
    0x10004090   0x0000003c   Zero   RW          696    .bss                TCP_CM3.lib(at_system.o)
    0x100040cc   0x00000004   PAD
    0x100040d0   0x00000200   Zero   RW            1    STACK               startup_lpc17xx.o


    Execution Region RW_IRAM2 (Base: 0x2007c000, Size: 0x000042d0, Max: 0x00008000, ABSOLUTE, COMPRESSED[0x00000110])

    Base Addr    Size         Type   Attr      Idx    E Section Name        Object

    0x2007c000   0x000020a6   Data   RW          311    .data               snmp_data_file.o
    0x2007e0a6   0x00000002   PAD
    0x2007e0a8   0x00002228   Zero   RW           14    .bss                net_config_http.o


==============================================================================

Image component sizes


      Code (inc. data)   RO Data    RW Data    ZI Data      Debug   Object Name

      1736         20          0          0          0       3578   25lc640.o
      1740        148          0         26          0      19490   avar_hndl.o
       432         42          0         16          0       1257   beeper_drv.o
      2660        104          0         26       1120      36919   control.o
         0          0          0          0          0       2712   core_cm3.o
      1704        130          0          5      10852      25974   emac_lpc17xx.o
      1864        188        512         20        532      22939   full_can.o
      1112         14          0          0          0       1916   i2c.o
      1308         56          0         12          0       1775   led_break_drv.o
     25228       3860       4568        237       2164      69260   main.o
       980        216          0          0          0        684   memo.o
        98          6         96         33       8744      12972   net_config_http.o
      6232       1038         81       8358        232      14842   snmp_data_file.o
         0          0        115       1041          0        917   snmp_mib.o
       512          0          0          0          0       1228   ssd1306.o
        32          8        204          0        512        912   startup_lpc17xx.o
       620         74          0          4          0        743   system_lpc17xx.o

    ----------------------------------------------------------------------
     46258       5904       5646       9790      24160     218118   Object Totals
         0          0         64          0          0          0   (incl. Generated)
         0          0          6         12          4          2   (incl. Padding)

    ----------------------------------------------------------------------

      Code (inc. data)   RO Data    RW Data    ZI Data      Debug   Library Member Name

      1500        156          0          2          0        892   at_arp.o
       428         48          6          8        128        544   at_ethernet.o
       116          0          0          0          0         88   at_icmp.o
       502         26          4          4          0        332   at_ip.o
       272          0          0          0          0        852   at_lib.o
       356         38          0          4          0        348   at_mem.o
      2402        110          0          4         28       1136   at_snmp.o
       128         28          0          8         60        216   at_system.o
      2488        134          0          4          0        992   at_tcp.o
       704         50          0          2          0        484   at_udp.o
        92          0          0          0          0          0   __dczerorl2.o
         0          0          0          0          0          0   entry.o
         8          4          0          0          0          0   entry2.o
         4          0          0          0          0          0   entry5.o
         8          4          0          0          0          0   entry7.o
        30          0          0          0          0          0   handlers.o
        36          8          0          0          0         68   init.o
         0          0          0          0          0          0   iusefp.o
        30          0          0          0          0         68   llshl.o
        36          0          0          0          0         68   llsshr.o
        32          0          0          0          0         68   llushr.o
        36          0          0          0          0         68   memcpya.o
      2306         84          0          0          0        512   printfa.o
        16          0          0          0          0         68   strlen.o
        44          0          0          0          0         80   uidiv.o
       100          0          0          0          0         92   uldiv.o
        40          0          0          0          0         68   cdrcmple.o
       336          0          0          0          0        148   dadd.o
       226          0          0          0          0        100   ddiv.o
       198          0          0          0          0        184   depilogue.o
        48          0          0          0          0         68   dfixul.o
       226          0          0          0          0         96   dmul.o
        44          0          0          0          0         68   f2d.o
       128          0          0          0          0         88   fdiv.o
       108          0          0          0          0        168   fepilogue.o
        18          0          0          0          0         68   fflti.o

    ----------------------------------------------------------------------
     13066        690         10         38        220       8032   Library Totals
        20          0          0          2          4          0   (incl. Padding)

    ----------------------------------------------------------------------

      Code (inc. data)   RO Data    RW Data    ZI Data      Debug   Library Name

      8896        590         10         36        216       5884   TCP_CM3.lib
      2778        100          0          0          0       1092   mc_w.l
      1372          0          0          0          0       1056   mf_w.l

    ----------------------------------------------------------------------
     13066        690         10         38        220       8032   Library Totals

    ----------------------------------------------------------------------

==============================================================================


      Code (inc. data)   RO Data    RW Data    ZI Data      Debug   

     59324       6594       5656       9828      24380     219964   Grand Totals
     59324       6594       5656        744      24380     219964   ELF Image Totals (compressed)
     59324       6594       5656        744          0          0   ROM Totals

==============================================================================

    Total RO  Size (Code + RO Data)                64980 (  63.46kB)
    Total RW  Size (RW Data + ZI Data)             34208 (  33.41kB)
    Total ROM Size (Code + RO Data + RW Data)      65724 (  64.18kB)

==============================================================================

